Command: /opt/esp/python_env/idf6.0_py3.12_env/bin/python /opt/esp/idf/tools/idf_monitor.py -p /dev/ttyUSB0 -b 115200 --toolchain-prefix xtensa-esp32-elf- --target esp32 --revision 0 /project/lab05/build/lab05.elf /project/lab05/build/bootloader/bootloader.elf -m '/opt/esp/python_env/idf6.0_py3.12_env/bin/python' '/opt/esp/idf/tools/idf.py'
p_init: Project name:     lab05
I ï¿½ets Jun  8 2016 00:22:57

rst:0x1 (POWERON_RESET),boot:0x13 (SPI_FAST_FLASH_BOOT)
configsip: 0, SPIWP:0xee
clk_drv:0x00,q_drv:0x00,d_drv:0x00,cs0_drv:0x00,hd_drv:0x00,wp_drv:0x00
mode:DIO, clock div:2
load:0x3fff0040,len:6376
load:0x40078000,len:15900
ho 0 tail 12 room 4
load:0x40080400,len:3920
entry 0x40080644
[0;32mI (29) boot: ESP-IDF v6.0-dev-2810-g800f141f94 2nd stage bootloader[0m
[0;32mI (29) boot: compile time Oct 29 2025 22:16:04[0m
[0;32mI (29) boot: Multicore bootloader[0m
[0;32mI (32) boot: chip revision: v1.0[0m
[0;32mI (35) boot.esp32: SPI Speed      : 40MHz[0m
[0;32mI (38) boot.esp32: SPI Mode       : DIO[0m
[0;32mI (42) boot.esp32: SPI Flash Size : 4MB[0m
[0;32mI (46) boot: Enabling RNG early entropy source...[0m
[0;32mI (50) boot: Partition Table:[0m
[0;32mI (53) boot: ## Label            Usage          Type ST Offset   Length[0m
[0;32mI (59) boot:  0 nvs              WiFi data        01 02 00009000 00006000[0m
[0;32mI (65) boot:  1 phy_init         RF data          01 01 0000f000 00001000[0m
[0;32mI (72) boot:  2 factory          factory app      00 00 00010000 00100000[0m
[0;32mI (79) boot: End of partition table[0m
[0;32mI (82) esp_image: segment 0: paddr=00010020 vaddr=3f400020 size=0ad38h ( 44344) map[0m
[0;32mI (105) esp_image: segment 1: paddr=0001ad60 vaddr=3ffb0000 size=02674h (  9844) load[0m
[0;32mI (109) esp_image: segment 2: paddr=0001d3dc vaddr=40080000 size=02c3ch ( 11324) load[0m
[0;32mI (114) esp_image: segment 3: paddr=00020020 vaddr=400d0020 size=1571ch ( 87836) map[0m
[0;32mI (148) esp_image: segment 4: paddr=00035744 vaddr=40082c3c size=094f0h ( 38128) load[0m
[0;32mI (164) esp_image: segment 5: paddr=0003ec3c vaddr=50000000 size=00024h (    36) load[0m
[0;32mI (170) boot: Loaded app from partition at offset 0x10000[0m
[0;32mI (170) boot: Disabling RNG early entropy source...[0m
[0;32mI (182) cpu_start: Multicore app[0m
[0;32mI (190) cpu_start: GPIO 3 and 1 are used as console UART I/O pins[0m
[0;32mI (190) cpu_start: Pro cpu start user code[0m
[0;32mI (190) cpu_start: cpu freq: 240000000 Hz[0m
[0;32mI (192) app_init: Application information:[0m
[0;32mI (196) app_init: Project name:     lab05[0m
[0;32mI (200) app_init: App version:      131cdc4-dirty[0m
[0;32mI (204) app_init: Compile time:     Oct 29 2025 22:16:11[0m
[0;32mI (209) app_init: ELF file SHA256:  c5501be85...[0m
[0;32mI (213) app_init: ESP-IDF:          v6.0-dev-2810-g800f141f94[0m
[0;32mI (219) efuse_init: Min chip rev:     v0.0[0m
[0;32mI (223) efuse_init: Max chip rev:     v3.99 [0m
[0;32mI (227) efuse_init: Chip rev:         v1.0[0m
[0;32mI (231) heap_init: Initializing. RAM available for dynamic allocation:[0m
[0;32mI (237) heap_init: At 3FFAE6E0 len 00001920 (6 KiB): DRAM[0m
[0;32mI (242) heap_init: At 3FFB3550 len 0002CAB0 (178 KiB): DRAM[0m
[0;32mI (247) heap_init: At 3FFE0440 len 00003AE0 (14 KiB): D/IRAM[0m
[0;32mI (252) heap_init: At 3FFE4350 len 0001BCB0 (111 KiB): D/IRAM[0m
[0;32mI (258) heap_init: At 4008C12C len 00013ED4 (79 KiB): IRAM[0m
[0;33mW (264) spi_flash: Detected boya flash chip but using generic driver. For optimal functionality, enable `SPI_FLASH_SUPPORT_BOYA_CHIP` in menuconfig[0m
[0;32mI (276) spi_flash: detected chip: generic[0m
[0;32mI (280) spi_flash: flash io: dio[0m
[0;32mI (284) main_task: Started on CPU0[0m
[0;32mI (294) main_task: Calling app_main()[0m
[0;32mI (294) lcd: GPIO_BL=14[0m
[0;32mI (294) lcd: GPIO_CS=5[0m
[0;32mI (294) lcd: GPIO_DC=4[0m
[0;32mI (294) lcd: GPIO_RST=-1[0m
[0;32mI (294) lcd: GPIO_MOSI=23[0m
[0;32mI (294) lcd: GPIO_SCLK=18[0m
[0;32mI (314) lcd: Enable Display Inversion[0m
[0;32mI (374) joystick: Calibrating joystick center...[0m
[0;32mI (384) joystick: Joystick center calibrated: X=1851, Y=1855[0m
[1;31mE (494) adc_oneshot: adc_oneshot_new_unit(99): adc1 is already in use[0m
ESP_ERROR_CHECK failed: esp_err_t 0x105 (ESP_ERR_NOT_FOUND) at 0x400d8b99
file: "/project/components/joy/joy.c" line 21
func: joy_init
expression: adc_oneshot_new_unit(&init_config, &adc1_handle)

abort() was called at PC 0x400868c3 on core 0


Backtrace: 0x4008695d:0x3ffb4690 0x40086929:0x3ffb46b0 0x400864ca:0x3ffb46d0 0x400868c3:0x3ffb4740 0x400d8b99:0x3ffb4770 0x400d67b4:0x3ffb47d0 0x400d6375:0x3ffb47f0 0x400d6283:0x3ffb4820 0x400d367c:0x3ffb4870




ELF file SHA256: c5501be85

Rebooting...
ets Jun  8 2016 00:22:57

rst:0xc (SW_CPU_RESET),boot:0x13 (SPI_FAST_FLASH_BOOT)
configsip: 0, SPIWP:0xee
clk_drv:0x00,q_drv:0x00,d_drv:0x00,cs0_drv:0x00,hd_drv:0x00,wp_drv:0x00
mode:DIO, clock div:2
load:0x3fff0040,len:6376
load:0x40078000,len:15900
ho 0 tail 12 room 4
load:0x40080400,len:3920
entry 0x40080644
[0;32mI (29) boot: ESP-IDF v6.0-dev-2810-g800f141f94 2nd stage bootloader[0m
[0;32mI (29) boot: compile time Oct 29 2025 22:16:04[0m
[0;32mI (29) boot: Multicore bootloader[0m
[0;32mI (32) boot: chip revision: v1.0[0m
[0;32mI (35) boot.esp32: SPI Speed      : 40MHz[0m
[0;32mI (39) boot.esp32: SPI Mode       : DIO[0m
[0;32mI (42) boot.esp32: SPI Flash Size : 4MB[0m
[0;32mI (46) boot: Enabling RNG early entropy source...[0m
[0;32mI (50) boot: Partition Table:[0m
[0;32mI (53) boot: ## Label            Usage          Type ST Offset   Length[0m
[0;32mI (59) boot:  0 nvs              WiFi data        01 02 00009000 00006000[0m
[0;32mI (66) boot:  1 phy_init         RF data          01 01 0000f000 00001000[0m
[0;32mI (72) boot:  2 factory          factory app      00 00 00010000 00100000[0m
[0;32mI (79) boot: End of partition table[0m
[0;32mI (82) esp_image: segment 0: paddr=00010020 vaddr=3f400020 size=0ad38h ( 44344) map[0m
[0;32mI (105) esp_image: segment 1: paddr=0001ad60 vaddr=3ffb0000 size=02674h (  9844) load[0m
[0;32mI (109) esp_image: segment 2: paddr=0001d3dc vaddr=40080000 size=02c3ch ( 11324) load[0m
[0;32mI (114) esp_image: segment 3: paddr=00020020 vaddr=400d0020 size=1571ch ( 87836) map[0m
[0;32mI (148) esp_image: segment 4: paddr=00035744 vaddr=40082c3c size=094f0h ( 38128) load[0m
[0;32mI (164) esp_image: segment 5: paddr=0003ec3c vaddr=50000000 size=00024h (    36) load[0m
[0;32mI (170) boot: Loaded app from partition at offset 0x10000[0m
[0;32mI (170) boot: Disabling RNG early entropy source...[0m
[0;32mI (182) cpu_start: Multicore app[0m
[0;32mI (190) cpu_start: GPIO 3 and 1 are used as console UART I/O pins[0m
[0;32mI (190) cpu_start: Pro cpu start user code[0m
[0;32mI (190) cpu_start: cpu freq: 240000000 Hz[0m
[0;32mI (192) app_init: Application information:[0m
[0;32mI (196) app_init: Project name:     lab05[0m
[0;32mI (200) app_init: App version:      131cdc4-dirty[0m
[0;32mI (204) app_init: Compile time:     Oct 29 2025 22:16:11[0m
[0;32mI (209) app_init: ELF file SHA256:  c5501be85...[0m
[0;32mI (213) app_init: ESP-IDF:          v6.0-dev-2810-g800f141f94[0m
[0;32mI (219) efuse_init: Min chip rev:     v0.0[0m
[0;32mI (223) efuse_init: Max chip rev:     v3.99 [0m
[0;32mI (227) efuse_init: Chip rev:         v1.0[0m
[0;32mI (231) heap_init: Initializing. RAM available for dynamic allocation:[0m
[0;32mI (237) heap_init: At 3FFAE6E0 len 00001920 (6 KiB): DRAM[0m
[0;32mI (242) heap_init: At 3FFB3550 len 0002CAB0 (178 KiB): DRAM[0m
[0;32mI (247) heap_init: At 3FFE0440 len 00003AE0 (14 KiB): D/IRAM[0m
[0;32mI (253) heap_init: At 3FFE4350 len 0001BCB0 (111 KiB): D/IRAM[0m
[0;32mI (258) heap_init: At 4008C12C len 00013ED4 (79 KiB): IRAM[0m
[0;33mW (265) spi_flash: Detected boya flash chip but using generic driver. For optimal functionality, enable `SPI_FLASH_SUPPORT_BOYA_CHIP` in menuconfig[0m
[0;32mI (276) spi_flash: detected chip: generic[0m
[0;32mI (280) spi_flash: flash io: dio[0m
[0;32mI (284) main_task: Started on CPU0[0m
[0;32mI (294) main_task: Calling app_main()[0m
[0;32mI (294) lcd: GPIO_BL=14[0m
[0;32mI (294) lcd: GPIO_CS=5[0m
[0;32mI (294) lcd: GPIO_DC=4[0m
[0;32mI (294) lcd: GPIO_RST=-1[0m
[0;32mI (294) lcd: GPIO_MOSI=23[0m
[0;32mI (294) lcd: GPIO_SCLK=18[0m
[0;32mI (314) lcd: Enable Display Inversion[0m
[0;32mI (374) joystick: Calibrating joystick center...[0m
[0;32mI (384) joystick: Joystick center calibrated: X=1850, Y=1855[0m
[1;31mE (494) adc_oneshot: adc_oneshot_new_unit(99): adc1 is already in use[0m
ESP_ERROR_CHECK failed: esp_err_t 0x105 (ESP_ERR_NOT_FOUND) at 0x400d8b99
file: "/project/components/joy/joy.c" line 21
func: joy_init
expression: adc_oneshot_new_unit(&init_config, &adc1_handle)

abort() was called at PC 0x400868c3 on core 0


Backtrace: 0x4008695d:0x3ffb4690 0x40086929:0x3ffb46b0 0x400864ca:0x3ffb46d0 0x400868c3:0x3ffb4740 0x400d8b99:0x3ffb4770 0x400d67b4:0x3ffb47d0 0x400d6375:0x3ffb47f0 0x400d6283:0x3ffb4820 0x400d367c:0x3ffb4870




ELF file SHA256: c5501be85

Rebooting...
ets Jun  8 2016 00:22:57

rst:0xc (SW_CPU_RESET),boot:0x13 (SPI_FAST_FLASH_BOOT)
configsip: 0, SPIWP:0xee
clk_drv:0x00,q_drv:0x00,d_drv:0x00,cs0_drv:0x00,hd_drv:0x00,wp_drv:0x00
mode:DIO, clock div:2
load:0x3fff0040,len:6376
load:0x40078000,len:15900
ho 0 tail 12 room 4
load:0x40080400,len:3920
entry 0x40080644
[0;32mI (29) boot: ESP-IDF v6.0-dev-2810-g800f141f94 2nd stage bootloader[0m
[0;32mI (29) boot: compile time Oct 29 2025 22:16:04[0m
[0;32mI (29) boot: Multicore bootloader[0m
[0;32mI (32) boot: chip revision: v1.0[0m
[0;32mI (35) boot.esp32: SPI Speed      : 40MHz[0m
[0;32mI (39) boot.esp32: SPI Mode       : DIO[0m
[0;32mI (42) boot.esp32: SPI Flash Size : 4MB[0m
[0;32mI (46) boot: Enabling RNG early entropy source...[0m
[0;32mI (50) boot: Partition Table:[0m
[0;32mI (53) boot: ## Label            Usage          Type ST Offset   Length[0m
[0;32mI (59) boot:  0 nvs              WiFi data        01 02 00009000 00006000[0m
[0;32mI (66) boot:  1 phy_init         RF data          01 01 0000f000 00001000[0m
[0;32mI (72) boot:  2 factory          factory app      00 00 00010000 00100000[0m
[0;32mI (79) boot: End of partition table[0m
[0;32mI (82) esp_image: segment 0: paddr=00010020 vaddr=3f400020 size=0ad38h ( 44344) map[0m
[0;32mI (105) esp_image: segment 1: paddr=0001ad60 vaddr=3ffb0000 size=02674h (  9844) load[0m
[0;32mI (109) esp_image: segment 2: paddr=0001d3dc vaddr=40080000 size=02c3ch ( 11324) load[0m
[0;32mI (114) esp_image: segment 3: paddr=00020020 vaddr=400d0020 size=1571ch ( 87836) map[0m
[0;32mI (148) esp_image: segment 4: paddr=00035744 vaddr=40082c3c size=094f0h ( 38128) load[0m
[0;32mI (164) esp_image: segment 5: paddr=0003ec3c vaddr=50000000 size=00024h (    36) load[0m
[0;32mI (170) boot: Loaded app from partition at offset 0x10000[0m
[0;32mI (170) boot: Disabling RNG early entropy source...[0m
[0;32mI (182) cpu_start: Multicore app[0m
[0;32mI (190) cpu_start: GPIO 3 and 1 are used as console UART I/O pins[0m
[0;32mI (190) cpu_start: Pro cpu start user code[0m
[0;32mI (190) cpu_start: cpu freq: 240000000 Hz[0m
[0;32mI (192) app_init: Application information:[0m
[0;32mI (196) app_init: Project name:     lab05[0m
[0;32mI (200) app_init: App version:      131cdc4-dirty[0m
[0;32mI (204) app_init: Compile time:     Oct 29 2025 22:16:11[0m
[0;32mI (209) app_init: ELF file SHA256:  c5501be85...[0m
[0;32mI (213) app_init: ESP-IDF:          v6.0-dev-2810-g800f141f94[0m
[0;32mI (219) efuse_init: Min chip rev:     v0.0[0m
[0;32mI (223) efuse_init: Max chip rev:     v3.99 [0m
[0;32mI (227) efuse_init: Chip rev:         v1.0[0m
[0;32mI (231) heap_init: Initializing. RAM available for dynamic allocation:[0m
[0;32mI (237) heap_init: At 3FFAE6E0 len 00001920 (6 KiB): DRAM[0m
[0;32mI (242) heap_init: At 3FFB3550 len 0002CAB0 (178 KiB): DRAM[0m
[0;32mI (247) heap_init: At 3FFE0440 len 00003AE0 (14 KiB): D/IRAM[0m
[0;32mI (253) heap_init: At 3FFE4350 len 0001BCB0 (111 KiB): D/IRAM[0m
[0;32mI (258) heap_init: At 4008C12C len 00013ED4 (79 KiB): IRAM[0m
[0;33mW (265) spi_flash: Detected boya flash chip but using generic driver. For optimal functionality, enable `SPI_FLASH_SUPPORT_BOYA_CHIP` in menuconfig[0m
[0;32mI (276) spi_flash: detected chip: generic[0m
[0;32mI (280) spi_flash: flash io: dio[0m
[0;32mI (284) main_task: Started on CPU0[0m
[0;32mI (294) main_task: Calling app_main()[0m
[0;32mI (294) lcd: GPIO_BL=14[0m
[0;32mI (294) lcd: GPIO_CS=5[0m
[0;32mI (294) lcd: GPIO_DC=4[0m
[0;32mI (294) lcd: GPIO_RST=-1[0m
[0;32mI (294) lcd: GPIO_MOSI=23[0m
[0;32mI (294) lcd: GPIO_SCLK=18[0m
[0;32mI (314) lcd: Enable Display Inversion[0m
[0;32mI (374) joystick: Calibrating joystick center...[0m
[0;32mI (384) joystick: Joystick center calibrated: X=1850, Y=1854[0m
[1;31mE (494) adc_oneshot: adc_oneshot_new_unit(99): adc1 is already in use[0m
ESP_ERROR_CHECK failed: esp_err_t 0x105 (ESP_ERR_NOT_FOUND) at 0x400d8b99
file: "/project/components/joy/joy.c" line 21
func: joy_init
expression: adc_oneshot_new_unit(&init_config, &adc1_handle)

abort() was called at PC 0x400868c3 on core 0


Backtrace: 0x4008695d:0x3ffb4690 0x40086929:0x3ffb46b0 0x400864ca:0x3ffb46d0 0x400868c3:0x3ffb4740 0x400d8b99:0x3ffb4770 0x400d67b4:0x3ffb47d0 0x400d6375:0x3ffb47f0 0x400d6283:0x3ffb4820 0x400d367c:0x3ffb4870




ELF file SHA256: c5501be85

Rebooting...
ets Jun  8 2016 00:22:57

rst:0xc (SW_CPU_RESET),boot:0x13 (SPI_FAST_FLASH_BOOT)
configsip: 0, SPIWP:0xee
clk_drv:0x00,q_drv:0x00,d_drv:0x00,cs0_drv:0x00,hd_drv:0x00,wp_drv:0x00
mode:DIO, clock div:2
load:0x3fff0040,len:6376
load:0x40078000,len:15900
ho 0 tail 12 room 4
load:0x40080400,len:3920
entry 0x40080644
[0;32mI (29) boot: ESP-IDF v6.0-dev-2810-g800f141f94 2nd stage bootloader[0m
[0;32mI (29) boot: compile time Oct 29 2025 22:16:04[0m
[0;32mI (29) boot: Multicore bootloader[0m
[0;32mI (32) boot: chip revision: v1.0[0m
[0;32mI (35) boot.esp32: SPI Speed      : 40MHz[0m
[0;32mI (39) boot.esp32: SPI Mode       : DIO[0m
[0;32mI (42) boot.esp32: SPI Flash Size : 4MB[0m
[0;32mI (46) boot: Enabling RNG early entropy source...[0m
[0;32mI (50) boot: Partition Table:[0m
[0;32mI (53) boot: ## Label            Usage          Type ST Offset   Length[0m
[0;32mI (59) boot:  0 nvs              WiFi data        01 02 00009000 00006000[0m
[0;32mI (66) boot:  1 phy_init         RF data          01 01 0000f000 00001000[0m
[0;32mI (72) boot:  2 factory          factory app      00 00 00010000 00100000[0m
[0;32mI (79) boot: End of partition table[0m
[0;32mI (82) esp_image: segment 0: paddr=00010020 vaddr=3f400020 size=0ad38h ( 44344) map[0m
[0;32mI (105) esp_image: segment 1: paddr=0001ad60 vaddr=3ffb0000 size=02674h (  9844) load[0m
[0;32mI (109) esp_image: segment 2: paddr=0001d3dc vaddr=40080000 size=02c3ch ( 11324) load[0m
[0;32mI (114) esp_image: segment 3: paddr=00020020 vaddr=400d0020 size=1571ch ( 87836) map[0m
[0;32mI (148) esp_image: segment 4: paddr=00035744 vaddr=40082c3c size=094f0h ( 38128) load[0m
[0;32mI (164) esp_image: segment 5: paddr=0003ec3c vaddr=50000000 size=00024h (    36) load[0m
[0;32mI (170) boot: Loaded app from partition at offset 0x10000[0m
[0;32mI (170) boot: Disabling RNG early entropy source...[0m
[0;32mI (182) cpu_start: Multicore app[0m
[0;32mI (190) cpu_start: GPIO 3 and 1 are used as console UART I/O pins[0m
[0;32mI (190) cpu_start: Pro cpu start user code[0m
[0;32mI (190) cpu_start: cpu freq: 240000000 Hz[0m
[0;32mI (192) app_init: Application information:[0m
[0;32mI (196) app_init: Project name:     lab05[0m
[0;32mI (200) app_init: App version:      131cdc4-dirty[0m
[0;32mI (204) app_init: Compile time:     Oct 29 2025 22:16:11[0m
[0;32mI (209) app_init: ELF file SHA256:  c5501be85...[0m
[0;32mI (213) app_init: ESP-IDF:          v6.0-dev-2810-g800f141f94[0m
[0;32mI (219) efuse_init: Min chip rev:     v0.0[0m
[0;32mI (223) efuse_init: Max chip rev:     v3.99 [0m
[0;32mI (227) efuse_init: Chip rev:         v1.0[0m
[0;32mI (231) heap_init: Initializing. RAM available for dynamic allocation:[0m
[0;32mI (237) heap_init: At 3FFAE6E0 len 00001920 (6 KiB): DRAM[0m
[0;32mI (242) heap_init: At 3FFB3550 len 0002CAB0 (178 KiB): DRAM[0m
[0;32mI (247) heap_init: At 3FFE0440 len 00003AE0 (14 KiB): D/IRAM[0m
[0;32mI (253) heap_init: At 3FFE4350 len 0001BCB0 (111 KiB): D/IRAM[0m
[0;32mI (258) heap_init: At 4008C12C len 00013ED4 (79 KiB): IRAM[0m
[0;33mW (265) spi_flash: Detected boya flash chip but using generic driver. For optimal functionality, enable `SPI_FLASH_SUPPORT_BOYA_CHIP` in menuconfig[0m
[0;32mI (276) spi_flash: detected chip: generic[0m
[0;32mI (280) spi_flash: flash io: dio[0m
[0;32mI (284) main_task: Started on CPU0[0m
[0;32mI (294) main_task: Calling app_main()[0m
[0;32mI (294) lcd: GPIO_BL=14[0m
[0;32mI (294) lcd: GPIO_CS=5[0m
[0;32mI (294) lcd: GPIO_DC=4[0m
[0;32mI (294) lcd: GPIO_RST=-1[0m
[0;32mI (294) lcd: GPIO_MOSI=23[0m
[0;32mI (294) lcd: GPIO_SCLK=18[0m
[0;32mI (314) lcd: Enable Display Inversion[0m
[0;32mI (374) joystick: Calibrating joystick center...[0m
[0;32mI (384) joystick: Joystick center calibrated: X=1850, Y=1855[0m
[1;31mE (494) adc_oneshot: adc_oneshot_new_unit(99): adc1 is already in use[0m
ESP_ERROR_CHECK failed: esp_err_t 0x105 (ESP_ERR_NOT_FOUND) at 0x400d8b99
file: "/project/components/joy/joy.c" line 21
func: joy_init
expression: adc_oneshot_new_unit(&init_config, &adc1_handle)

abort() was called at PC 0x400868c3 on core 0


Backtrace: 0x4008695d:0x3ffb4690 0x40086929:0x3ffb46b0 0x400864ca:0x3ffb46d0 0x400868c3:0x3ffb4740 0x400d8b99:0x3ffb4770 0x400d67b4:0x3ffb47d0 0x400d6375:0x3ffb47f0 0x400d6283:0x3ffb4820 0x400d367c:0x3ffb4870




ELF file SHA256: c5501be85

Rebooting...
ets Jun  8 2016 00:22:57

rst:0xc (SW_CPU_RESET),boot:0x13 (SPI_FAST_FLASH_BOOT)
configsip: 0, SPIWP:0xee
clk_drv:0x00,q_drv:0x00,d_drv:0x00,cs0_drv:0x00,hd_drv:0x00,wp_drv:0x00
mode:DIO, clock div:2
load:0x3fff0040,len:6376
load:0x40078000,len:15900
ho 0 tail 12 room 4
load:0x40080400,len:3920
entry 0x40080644
[0;32mI (29) boot: ESP-IDF v6.0-dev-2810-g800f141f94 2nd stage bootloader[0m
[0;32mI (29) boot: compile time Oct 29 2025 22:16:04[0m
[0;32mI (29) boot: Multicore bootloader[0m
[0;32mI (32) boot: chip revision: v1.0[0m
[0;32mI (35) boot.esp32: SPI Speed      : 40MHz[0m
[0;32mI (39) boot.esp32: SPI Mode       : DIO[0m
[0;32mI (42) boot.esp32: SPI Flash Size : 4MB[0m
[0;32mI (46) boot: Enabling RNG early entropy source...[0m
[0;32mI (50) boot: Partition Table:[0m
[0;32mI (53) boot: ## Label            Usage          Type ST Offset   Length[0m
[0;32mI (59) boot:  0 nvs              WiFi data        01 02 00009000 00006000[0m
[0;32mI (66) boot:  1 phy_init         RF data          01 01 0000f000 00001000[0m
[0;32mI (72) boot:  2 factory          factory app      00 00 00010000 00100000[0m
[0;32mI (79) boot: End of partition table[0m
[0;32mI (82) esp_image: segment 0: paddr=00010020 vaddr=3f400020 size=0ad38h ( 44344) map[0m
[0;32mI (105) esp_image: segment 1: paddr=0001ad60 vaddr=3ffb0000 size=02674h (  9844) load[0m
[0;32mI (109) esp_image: segment 2: paddr=0001d3dc vaddr=40080000 size=02c3ch ( 11324) load[0m
[0;32mI (114) esp_image: segment 3: paddr=00020020 vaddr=400d0020 size=1571ch ( 87836) map[0m
[0;32mI (148) esp_image: segment 4: paddr=00035744 vaddr=40082c3c size=094f0h ( 38128) load[0m
[0;32mI (164) esp_image: segment 5: paddr=0003ec3c vaddr=50000000 size=00024h (    36) load[0m
[0;32mI (170) boot: Loaded app from partition at offset 0x10000[0m
[0;32mI (170) boot: Disabling RNG early entropy source...[0m
[0;32mI (182) cpu_start: Multicore app[0m
[0;32mI (190) cpu_start: GPIO 3 and 1 are used as console UART I/O pins[0m
[0;32mI (190) cpu_start: Pro cpu start user code[0m
[0;32mI (190) cpu_start: cpu freq: 240000000 Hz[0m
[0;32mI (192) app_init: Application information:[0m
[0;32mI (196) app_init: Project name:     lab05[0m
[0;32mI (200) app_init: App version:      131cdc4-dirty[0m
[0;32mI (204) app_init: Compile time:     Oct 29 2025 22:16:11[0m
[0;32mI (209) app_init: ELF file SHA256:  c5501be85...[0m
[0;32mI (213) app_init: ESP-IDF:          v6.0-dev-2810-g800f141f94[0m
[0;32mI (219) efuse_init: Min chip rev:     v0.0[0m
[0;32mI (223) efuse_init: Max chip rev:     v3.99 [0m
[0;32mI (227) efuse_init: Chip rev:         v1.0[0m
[0;32mI (231) heap_init: Initializing. RAM available for dynamic allocation:[0m
[0;32mI (237) heap_init: At 3FFAE6E0 len 00001920 (6 KiB): DRAM[0m
[0;32mI (242) heap_init: At 3FFB3550 len 0002CAB0 (178 KiB): DRAM[0m
[0;32mI (247) heap_init: At 3FFE0440 len 00003AE0 (14 KiB): D/IRAM[0m
[0;32mI (253) heap_init: At 3FFE4350 len 0001BCB0 (111 KiB): D/IRAM[0m
[0;32mI (258) heap_init: At 4008C12C len 00013ED4 (79 KiB): IRAM[0m
[0;33mW (265) spi_flash: Detected boya flash chip but using generic driver. For optimal functionality, enable `SPI_FLASH_SUPPORT_BOYA_CHIP` in menuconfig[0m
[0;32mI (276) spi_flash: detected chip: generic[0m
[0;32mI (280) spi_flash: flash io: dio[0m
[0;32mI (284) main_task: Started on CPU0[0m
[0;32mI (294) main_task: Calling app_main()[0m
[0;32mI (294) lcd: GPIO_BL=14[0m
[0;32mI (294) lcd: GPIO_CS=5[0m
[0;32mI (294) lcd: GPIO_DC=4[0m
[0;32mI (294) lcd: GPIO_RST=-1[0m
[0;32mI (294) lcd: GPIO_MOSI=23[0m
[0;32mI (294) lcd: GPIO_SCLK=18[0m
[0;32mI (314) lcd: Enable Display Inversion[0m
[0;32mI (374) joystick: Calibrating joystick center...[0m
[0;32mI (384) joystick: Joystick center calibrated: X=1850, Y=1855[0m
[1;31mE (494) adc_oneshot: adc_oneshot_new_unit(99): adc1 is already in use[0m
ESP_ERROR_CHECK failed: esp_err_t 0x105 (ESP_ERR_NOT_FOUND) at 0x400d8b99
file: "/project/components/joy/joy.c" line 21
func: joy_init
expression: adc_oneshot_new_unit(&init_config, &adc1_handle)

abort() was called at PC 0x400868c3 on core 0


Backtrace: 0x4008695d:0x3ffb4690 0x40086929:0x3ffb46b0 0x400864ca:0x3ffb46d0 0x400868c3:0x3ffb4740 0x400d8b99:0x3ffb4770 0x400d67b4:0x3ffb47d0 0x400d6375:0x3ffb47f0 0x400d6283:0x3ffb4820 0x400d367c:0x3ffb4870




ELF file SHA256: c5501be85

Rebooting...
ets Jun  8 2016 00:22:57

rst:0xc (SW_CPU_RESET),boot:0x13 (SPI_FAST_FLASH_BOOT)
configsip: 0, SPIWP:0xee
clk_drv:0x00,q_drv:0x00,d_drv:0x00,cs0_drv:0x00,hd_drv:0x00,wp_drv:0x00
mode:DIO, clock div:2
load:0x3fff0040,len:6376
load:0x40078000,len:15900
ho 0 tail 12 room 4
load:0x40080400,len:3920
entry 0x40080644
[0;32mI (29) boot: ESP-IDF v6.0-dev-2810-g800f141f94 2nd stage bootloader[0m
[0;32mI (29) boot: compile time Oct 29 2025 22:16:04[0m
[0;32mI (29) boot: Multicore bootloader[0m
[0;32mI (32) boot: chip revision: v1.0[0m
[0;32mI (35) boot.esp32: SPI Speed      : 40MHz[0m
[0;32mI (39) boot.esp32: SPI Mode       : DIO[0m
[0;32mI (42) boot.esp32: SPI Flash Size : 4MB[0m
[0;32mI (46) boot: Enabling RNG early entropy source...[0m
[0;32mI (50) boot: Partition Table:[0m
[0;32mI (53) boot: ## Label            Usage          Type ST Offset   Length[0m
[0;32mI (59) boot:  0 nvs              WiFi data        01 02 00009000 00006000[0m
[0;32mI (66) boot:  1 phy_init         RF data          01 01 0000f000 00001000[0m
[0;32mI (72) boot:  2 factory          factory app      00 00 00010000 00100000[0m
[0;32mI (79) boot: End of partition table[0m
[0;32mI (82) esp_image: segment 0: paddr=00010020 vaddr=3f400020 size=0ad38h ( 44344) map[0m
[0;32mI (105) esp_image: segment 1: paddr=0001ad60 vaddr=3ffb0000 size=02674h (  9844) load[0m
[0;32mI (109) esp_image: segment 2: paddr=0001d3dc vaddr=40080000 size=02c3ch ( 11324) load[0m
[0;32mI (114) esp_image: segment 3: paddr=00020020 vaddr=400d0020 size=1571ch ( 87836) map[0m
[0;32mI (148) esp_image: segment 4: paddr=00035744 vaddr=40082c3c size=094f0h ( 38128) load[0m
[0;32mI (164) esp_image: segment 5: paddr=0003ec3c vaddr=50000000 size=00024h (    36) load[0m
[0;32mI (170) boot: Loaded app from partition at offset 0x10000[0m
[0;32mI (170) boot: Disabling RNG early entropy source...[0m
[0;32mI (182) cpu_start: Multicore app[0m
[0;32mI (190) cpu_start: GPIO 3 and 1 are used as console UART I/O pins[0m
[0;32mI (190) cpu_start: Pro cpu start user code[0m
[0;32mI (190) cpu_start: cpu freq: 240000000 Hz[0m
[0;32mI (192) app_init: Application information:[0m
[0;32mI (196) app_init: Project name:     lab05[0m
[0;32mI (200) app_init: App version:      131cdc4-dirty[0m
[0;32mI (204) app_init: Compile time:     Oct 29 2025 22:16:11[0m
[0;32mI (209) app_init: ELF file SHA256:  c5501be85...[0m
[0;32mI (213) app_init: ESP-IDF:          v6.0-dev-2810-g800f141f94[0m
[0;32mI (219) efuse_init: Min chip rev:     v0.0[0m
[0;32mI (223) efuse_init: Max chip rev:     v3.99 [0m
[0;32mI (227) efuse_init: Chip rev:         v1.0[0m
[0;32mI (231) heap_init: Initializing. RAM available for dynamic allocation:[0m
[0;32mI (237) heap_init: At 3FFAE6E0 len 00001920 (6 KiB): DRAM[0m
[0;32mI (242) heap_init: At 3FFB3550 len 0002CAB0 (178 KiB): DRAM[0m
[0;32mI (247) heap_init: At 3FFE0440 len 00003AE0 (14 KiB): D/IRAM[0m
[0;32mI (253) heap_init: At 3FFE4350 len 0001BCB0 (111 KiB): D/IRAM[0m
[0;32mI (258) heap_init: At 4008C12C len 00013ED4 (79 KiB): IRAM[0m
[0;33mW (265) spi_flash: Detected boya flash chip but using generic driver. For optimal functionality, enable `SPI_FLASH_SUPPORT_BOYA_CHIP` in menuconfig[0m
[0;32mI (276) spi_flash: detected chip: generic[0m
[0;32mI (280) spi_flash: flash io: dio[0m
[0;32mI (284) main_task: Started on CPU0[0m
[0;32mI (294) main_task: Calling app_main()[0m
[0;32mI (294) lcd: GPIO_BL=14[0m
[0;32mI (294) lcd: GPIO_CS=5[0m
[0;32mI (294) lcd: GPIO_DC=4[0m
[0;32mI (294) lcd: GPIO_RST=-1[0m
[0;32mI (294) lcd: GPIO_MOSI=23[0m
[0;32mI (294) lcd: GPIO_SCLK=18[0m
[0;32mI (314) lcd: Enable Display Inversion[0m
[0;32mI (374) joystick: Calibrating joystick center...[0m
[0;32mI (384) joystick: Joystick center calibrated: X=1851, Y=1855[0m
[1;31mE (494) adc_oneshot: adc_oneshot_new_unit(99): adc1 is already in use[0m
ESP_ERROR_CHECK failed: esp_err_t 0x105 (ESP_ERR_NOT_FOUND) at 0x400d8b99
file: "/project/components/joy/joy.c" line 21
func: joy_init
expression: adc_oneshot_new_unit(&init_config, &adc1_handle)

abort() was called at PC 0x400868c3 on core 0


Backtrace: 0x4008695d:0x3ffb4690 0x40086929:0x3ffb46b0 0x400864ca:0x3ffb46d0 0x400868c3:0x3ffb4740 0x400d8b99:0x3ffb4770 0x400d67b4:0x3ffb47d0 0x400d6375:0x3ffb47f0 0x400d6283:0x3ffb4820 0x400d367c:0x3ffb4870




ELF file SHA256: c5501be85

Rebooting...
ets Jun  8 2016 00:22:57

rst:0xc (SW_CPU_RESET),boot:0x13 (SPI_FAST_FLASH_BOOT)
configsip: 0, SPIWP:0xee
clk_drv:0x00,q_drv:0x00,d_drv:0x00,cs0_drv:0x00,hd_drv:0x00,wp_drv:0x00
mode:DIO, clock div:2
load:0x3fff0040,len:6376
load:0x40078000,len:15900
ho 0 tail 12 room 4
load:0x40080400,len:3920
entry 0x40080644
[0;32mI (29) boot: ESP-IDF v6.0-dev-2810-g800f141f94 2nd stage bootloader[0m
[0;32mI (29) boot: compile time Oct 29 2025 22:16:04[0m
[0;32mI (29) boot: Multicore bootloader[0m
[0;32mI (32) boot: chip revision: v1.0[0m
[0;32mI (35) boot.esp32: SPI Speed      : 40MHz[0m
[0;32mI (39) boot.esp32: SPI Mode       : DIO[0m
[0;32mI (42) boot.esp32: SPI Flash Size : 4MB[0m
[0;32mI (46) boot: Enabling RNG early entropy source...[0m
[0;32mI (50) boot: Partition Table:[0m
[0;32mI (53) boot: ## Label            Usage          Type ST Offset   Length[0m
[0;32mI (59) boot:  0 nvs              WiFi data        01 02 00009000 00006000[0m
[0;32mI (66) boot:  1 phy_init         RF data          01 01 0000f000 00001000[0m
[0;32mI (72) boot:  2 factory          factory app      00 00 00010000 00100000[0m
[0;32mI (79) boot: End of partition table[0m
[0;32mI (82) esp_image: segment 0: paddr=00010020 vaddr=3f400020 size=0ad38h ( 44344) map[0m
[0;32mI (105) esp_image: segment 1: paddr=0001ad60 vaddr=3ffb0000 size=02674h (  9844) load[0m
[0;32mI (109) esp_image: segment 2: paddr=0001d3dc vaddr=40080000 size=02c3ch ( 11324) load[0m
[0;32mI (114) esp_image: segment 3: paddr=00020020 vaddr=400d0020 size=1571ch ( 87836) map[0m
[0;32mI (148) esp_image: segment 4: paddr=00035744 vaddr=40082c3c size=094f0h ( 38128) load[0m
[0;32mI (164) esp_image: segment 5: paddr=0003ec3c vaddr=50000000 size=00024h (    36) load[0m
[0;32mI (170) boot: Loaded app from partition at offset 0x10000[0m
[0;32mI (170) boot: Disabling RNG early entropy source...[0m
[0;32mI (182) cpu_start: Multicore app[0m
[0;32mI (190) cpu_start: GPIO 3 and 1 are used as console UART I/O pins[0m
[0;32mI (190) cpu_start: Pro cpu start user code[0m
[0;32mI (190) cpu_start: cpu freq: 240000000 Hz[0m
[0;32mI (192) app_init: Application information:[0m
[0;32mI (196) app_init: Project name:     lab05[0m
[0;32mI (200) app_init: App version:      131cdc4-dirty[0m
[0;32mI (204) app_init: Compile time:     Oct 29 2025 22:16:11[0m
[0;32mI (209) app_init: ELF file SHA256:  c5501be85...[0m
[0;32mI (213) app_init: ESP-IDF:          v6.0-dev-2810-g800f141f94[0m
[0;32mI (219) efuse_init: Min chip rev:     v0.0[0m
[0;32mI (223) efuse_init: Max chip rev:     v3.99 [0m
[0;32mI (227) efuse_init: Chip rev:         v1.0[0m
[0;32mI (231) heap_init: Initializing. RAM available for dynamic allocation:[0m
[0;32mI (237) heap_init: At 3FFAE6E0 len 00001920 (6 KiB): DRAM[0m
[0;32mI (242) heap_init: At 3FFB3550 len 0002CAB0 (178 KiB): DRAM[0m
[0;32mI (247) heap_init: At 3FFE0440 len 00003AE0 (14 KiB): D/IRAM[0m
[0;32mI (253) heap_init: At 3FFE4350 len 0001BCB0 (111 KiB): D/IRAM[0m
[0;32mI (258) heap_init: At 4008C12C len 00013ED4 (79 KiB): IRAM[0m
[0;33mW (265) spi_flash: Detected boya flash chip but using generic driver. For optimal functionality, enable `SPI_FLASH_SUPPORT_BOYA_CHIP` in menuconfig[0m
[0;32mI (276) spi_flash: detected chip: generic[0m
[0;32mI (280) spi_flash: flash io: dio[0m
[0;32mI (284) main_task: Started on CPU0[0m
[0;32mI (294) main_task: Calling app_main()[0m
[0;32mI (294) lcd: GPIO_BL=14[0m
[0;32mI (294) lcd: GPIO_CS=5[0m
[0;32mI (294) lcd: GPIO_DC=4[0m
[0;32mI (294) lcd: GPIO_RST=-1[0m
[0;32mI (294) lcd: GPIO_MOSI=23[0m
[0;32mI (294) lcd: GPIO_SCLK=18[0m
[0;32mI (314) lcd: Enable Display Inversion[0m
[0;32mI (374) joystick: Calibrating joystick center...[0m
[0;32mI (384) joystick: Joystick center calibrated: X=1850, Y=1855[0m
[1;31mE (494) adc_oneshot: adc_oneshot_new_unit(99): adc1 is already in use[0m
ESP_ERROR_CHECK failed: esp_err_t 0x105 (ESP_ERR_NOT_FOUND) at 0x400d8b99
file: "/project/components/joy/joy.c" line 21
func: joy_init
expression: adc_oneshot_new_unit(&init_config, &adc1_handle)

abort() was called at PC 0x400868c3 on core 0


Backtrace: 0x4008695d:0x3ffb4690 0x40086929:0x3ffb46b0 0x400864ca:0x3ffb46d0 0x400868c3:0x3ffb4740 0x400d8b99:0x3ffb4770 0x400d67b4:0x3ffb47d0 0x400d6375:0x3ffb47f0 0x400d6283:0x3ffb4820 0x400d367c:0x3ffb4870




ELF file SHA256: c5501be85

Rebooting...
ets Jun  8 2016 00:22:57

rst:0xc (SW_CPU_RESET),boot:0x13 (SPI_FAST_FLASH_BOOT)
configsip: 0, SPIWP:0xee
clk_drv:0x00,q_drv:0x00,d_drv:0x00,cs0_drv:0x00,hd_drv:0x00,wp_drv:0x00
mode:DIO, clock div:2
load:0x3fff0040,len:6376
load:0x40078000,len:15900
ho 0 tail 12 room 4
load:0x40080400,len:3920
entry 0x40080644
[0;32mI (29) boot: ESP-IDF v6.0-dev-2810-g800f141f94 2nd stage bootloader[0m
[0;32mI (29) boot: compile time Oct 29 2025 22:16:04[0m
[0;32mI (29) boot: Multicore bootloader[0m
[0;32mI (32) boot: chip revision: v1.0[0m
[0;32mI (35) boot.esp32: SPI Speed      : 40MHz[0m
[0;32mI (39) boot.esp32: SPI Mode       : DIO[0m
[0;32mI (42) boot.esp32: SPI Flash Size : 4MB[0m
[0;32mI (46) boot: Enabling RNG early entropy source...[0m
[0;32mI (50) boot: Partition Table:[0m
[0;32mI (53) boot: ## Label            Usage          Type ST Offset   Length[0m
[0;32mI (59) boot:  0 nvs              WiFi data        01 02 00009000 00006000[0m
[0;32mI (66) boot:  1 phy_init         RF data          01 01 0000f000 00001000[0m
[0;32mI (72) boot:  2 factory          factory app      00 00 00010000 00100000[0m
[0;32mI (79) boot: End of partition table[0m
[0;32mI (82) esp_image: segment 0: paddr=00010020 vaddr=3f400020 size=0ad38h ( 44344) map[0m
[0;32mI (105) esp_image: segment 1: paddr=0001ad60 vaddr=3ffb0000 size=02674h (  9844) load[0m
[0;32mI (109) esp_image: segment 2: paddr=0001d3dc vaddr=40080000 size=02c3ch ( 11324) load[0m
[0;32mI (114) esp_image: segment 3: paddr=00020020 vaddr=400d0020 size=1571ch ( 87836) map[0m
[0;32mI (148) esp_image: segment 4: paddr=00035744 vaddr=40082c3c size=094f0h ( 38128) load[0m
[0;32mI (164) esp_image: segment 5: paddr=0003ec3c vaddr=50000000 size=00024h (    36) load[0m
[0;32mI (170) boot: Loaded app from partition at offset 0x10000[0m
[0;32mI (170) boot: Disabling RNG early entropy source...[0m
[0;32mI (182) cpu_start: Multicore app[0m
[0;32mI (190) cpu_start: GPIO 3 and 1 are used as console UART I/O pins[0m
[0;32mI (190) cpu_start: Pro cpu start user code[0m
[0;32mI (190) cpu_start: cpu freq: 240000000 Hz[0m
[0;32mI (192) app_init: Application information:[0m
[0;32mI (196) app_init: Project name:     lab05[0m
[0;32mI (200) app_init: App version:      131cdc4-dirty[0m
[0;32mI (204) app_init: Compile time:     Oct 29 2025 22:16:11[0m
[0;32mI (209) app_init: ELF file SHA256:  c5501be85...[0m
[0;32mI (213) app_init: ESP-IDF:          v6.0-dev-2810-g800f141f94[0m
[0;32mI (219) efuse_init: Min chip rev:     v0.0[0m
[0;32mI (223) efuse_init: Max chip rev:     v3.99 [0m
[0;32mI (227) efuse_init: Chip rev:         v1.0[0m
[0;32mI (231) heap_init: Initializing. RAM available for dynamic allocation:[0m
[0;32mI (237) heap_init: At 3FFAE6E0 len 00001920 (6 KiB): DRAM[0m
[0;32mI (242) heap_init: At 3FFB3550 len 0002CAB0 (178 KiB): DRAM[0m
[0;32mI (247) heap_init: At 3FFE0440 len 00003AE0 (14 KiB): D/IRAM[0m
[0;32mI (253) heap_init: At 3FFE4350 len 0001BCB0 (111 KiB): D/IRAM[0m
[0;32mI (258) heap_init: At 4008C12C len 00013ED4 (79 KiB): IRAM[0m
[0;33mW (265) spi_flash: Detected boya flash chip but using generic driver. For optimal functionality, enable `SPI_FLASH_SUPPORT_BOYA_CHIP` in menuconfig[0m
[0;32mI (276) spi_flash: detected chip: generic[0m
[0;32mI (280) spi_flash: flash io: dio[0m
[0;32mI (284) main_task: Started on CPU0[0m
[0;32mI (294) main_task: Calling app_main()[0m
[0;32mI (294) lcd: GPIO_BL=14[0m
[0;32mI (294) lcd: GPIO_CS=5[0m
[0;32mI (294) lcd: GPIO_DC=4[0m
[0;32mI (294) lcd: GPIO_RST=-1[0m
[0;32mI (294) lcd: GPIO_MOSI=23[0m
[0;32mI (294) lcd: GPIO_SCLK=18[0m
[0;32mI (314) lcd: Enable Display Inversion[0m
[0;32mI (374) joystick: Calibrating joystick center...[0m
[0;32mI (384) joystick: Joystick center calibrated: X=1850, Y=1855[0m
[1;31mE (494) adc_oneshot: adc_oneshot_new_unit(99): adc1 is already in use[0m
ESP_ERROR_CHECK failed: esp_err_t 0x105 (ESP_ERR_NOT_FOUND) at 0x400d8b99
file: "/project/components/joy/joy.c" line 21
func: joy_init
expression: adc_oneshot_new_unit(&init_config, &adc1_handle)

abort() was called at PC 0x400868c3 on core 0


Backtrace: 0x4008695d:0x3ffb4690 0x40086929:0x3ffb46b0 0x400864ca:0x3ffb46d0 0x400868c3:0x3ffb4740 0x400d8b99:0x3ffb4770 0x400d67b4:0x3ffb47d0 0x400d6375:0x3ffb47f0 0x400d6283:0x3ffb4820 0x400d367c:0x3ffb4870




ELF file SHA256: c5501be85

Rebooting...
ets Jun  8 2016 00:22:57

rst:0xc (SW_CPU_RESET),boot:0x13 (SPI_FAST_FLASH_BOOT)
configsip: 0, SPIWP:0xee
clk_drv:0x00,q_drv:0x00,d_drv:0x00,cs0_drv:0x00,hd_drv:0x00,wp_drv:0x00
mode:DIO, clock div:2
load:0x3fff0040,len:6376
load:0x40078000,len:15900
ho 0 tail 12 room 4
load:0x40080400,len:3920
entry 0x40080644
[0;32mI (29) boot: ESP-IDF v6.0-dev-2810-g800f141f94 2nd stage bootloader[0m
[0;32mI (29) boot: compile time Oct 29 2025 22:16:04[0m
[0;32mI (29) boot: Multicore bootloader[0m
[0;32mI (32) boot: chip revision: v1.0[0m
[0;32mI (35) boot.esp32: SPI Speed      : 40MHz[0m
[0;32mI (39) boot.esp32: SPI Mode       : DIO[0m
[0;32mI (42) boot.esp32: SPI Flash Size : 4MB[0m
[0;32mI (46) boot: Enabling RNG early entropy source...[0m
[0;32mI (50) boot: Partition Table:[0m
[0;32mI (53) boot: ## Label            Usage          Type ST Offset   Length[0m
[0;32mI (59) boot:  0 nvs              WiFi data        01 02 00009000 00006000[0m
[0;32mI (66) boot:  1 phy_init         RF data          01 01 0000f000 00001000[0m
[0;32mI (72) boot:  2 factory          factory app      00 00 00010000 00100000[0m
[0;32mI (79) boot: End of partition table[0m
[0;32mI (82) esp_image: segment 0: paddr=00010020 vaddr=3f400020 size=0ad38h ( 44344) map[0m
[0;32mI (105) esp_image: segment 1: paddr=0001ad60 vaddr=3ffb0000 size=02674h (  9844) load[0m
[0;32mI (109) esp_image: segment 2: paddr=0001d3dc vaddr=40080000 size=02c3ch ( 11324) load[0m
[0;32mI (114) esp_image: segment 3: paddr=00020020 vaddr=400d0020 size=1571ch ( 87836) map[0m
[0;32mI (148) esp_image: segment 4: paddr=00035744 vaddr=40082c3c size=094f0h ( 38128) load[0m
[0;32mI (164) esp_image: segment 5: paddr=0003ec3c vaddr=50000000 size=00024h (    36) load[0m
[0;32mI (170) boot: Loaded app from partition at offset 0x10000[0m
[0;32mI (170) boot: Disabling RNG early entropy source...[0m
[0;32mI (182) cpu_start: Multicore app[0m
[0;32mI (190) cpu_start: GPIO 3 and 1 are used as console UART I/O pins[0m
[0;32mI (190) cpu_start: Pro cpu start user code[0m
[0;32mI (190) cpu_start: cpu freq: 240000000 Hz[0m
[0;32mI (192) app_init: Application information:[0m
[0;32mI (196) app_init: Project name:     lab05[0m
[0;32mI (200) app_init: App version:      131cdc4-dirty[0m
[0;32mI (204) app_init: Compile time:     Oct 29 2025 22:16:11[0m
[0;32mI (209) app_init: ELF file SHA256:  c5501be85...[0m
[0;32mI (214) app_init: ESP-IDF:          v6.0-dev-2810-g800f141f94[0m
[0;32mI (219) efuse_init: Min chip rev:     v0.0[0m
[0;32mI (223) efuse_init: Max chip rev:     v3.99 [0m
[0;32mI (227) efuse_init: Chip rev:         v1.0[0m
[0;32mI (231) heap_init: Initializing. RAM available for dynamic allocation:[0m
[0;32mI (237) heap_init: At 3FFAE6E0 len 00001920 (6 KiB): DRAM[0m
[0;32mI (242) heap_init: At 3FFB3550 len 0002CAB0 (178 KiB): DRAM[0m
[0;32mI (247) heap_init: At 3FFE0440 len 00003AE0 (14 KiB): D/IRAM[0m
[0;32mI (253) heap_init: At 3FFE4350 len 0001BCB0 (111 KiB): D/IRAM[0m
[0;32mI (258) heap_init: At 4008C12C len 00013ED4 (79 KiB): IRAM[0m
[0;33mW (265) spi_flash: Detected boya flash chip but using generic driver. For optimal functionality, enable `SPI_FLASH_SUPPORT_BOYA_CHIP` in menuconfig[0m
[0;32mI (276) spi_flash: detected chip: generic[0m
[0;32mI (280) spi_flash: flash io: dio[0m
[0;32mI (284) main_task: Started on CPU0[0m
[0;32mI (294) main_task: Calling app_main()[0m
[0;32mI (294) lcd: GPIO_BL=14[0m
[0;32mI (294) lcd: GPIO_CS=5[0m
[0;32mI (294) lcd: GPIO_DC=4[0m
[0;32mI (294) lcd: GPIO_RST=-1[0m
[0;32mI (294) lcd: GPIO_MOSI=23[0m
[0;32mI (294) lcd: GPIO_SCLK=18[0m
[0;32mI (314) lcd: Enable Display Inversion[0m
[0;32mI (374) joystick: Calibrating joystick center...[0m
[0;32mI (384) joystick: Joystick center calibrated: X=1850, Y=1855[0m
[1;31mE (494) adc_oneshot: adc_oneshot_new_unit(99): adc1 is already in use[0m
ESP_ERROR_CHECK failed: esp_err_t 0x105 (ESP_ERR_NOT_FOUND) at 0x400d8b99
file: "/project/components/joy/joy.c" line 21
func: joy_init
expression: adc_oneshot_new_unit(&init_config, &adc1_handle)

abort() was called at PC 0x400868c3 on core 0


Backtrace: 0x4008695d:0x3ffb4690 0x40086929:0x3ffb46b0 0x400864ca:0x3ffb46d0 0x400868c3:0x3ffb4740 0x400d8b99:0x3ffb4770 0x400d67b4:0x3ffb47d0 0x400d6375:0x3ffb47f0 0x400d6283:0x3ffb4820 0x400d367c:0x3ffb4870




ELF file SHA256: c5501be85

Rebooting...
ets Jun  8 2016 00:22:57

rst:0xc (SW_CPU_RESET),boot:0x13 (SPI_FAST_FLASH_BOOT)
configsip: 0, SPIWP:0xee
clk_drv:0x00,q_drv:0x00,d_drv:0x00,cs0_drv:0x00,hd_drv:0x00,wp_drv:0x00
mode:DIO, clock div:2
load:0x3fff0040,len:6376
load:0x40078000,len:15900
ho 0 tail 12 room 4
load:0x40080400,len:3920
entry 0x40080644
[0;32mI (29) boot: ESP-IDF v6.0-dev-2810-g800f141f94 2nd stage bootloader[0m
[0;32mI (29) boot: compile time Oct 29 2025 22:16:04[0m
[0;32mI (29) boot: Multicore bootloader[0m
[0;32mI (32) boot: chip revision: v1.0[0m
[0;32mI (35) boot.esp32: SPI Speed      : 40MHz[0m
[0;32mI (39) boot.esp32: SPI Mode       : DIO[0m
[0;32mI (42) boot.esp32: SPI Flash Size : 4MB[0m
[0;32mI (46) boot: Enabling RNG early entropy source...[0m
[0;32mI (50) boot: Partition Table:[0m
[0;32mI (53) boot: ## Label            Usage          Type ST Offset   Length[0m
[0;32mI (59) boot:  0 nvs              WiFi data        01 02 00009000 00006000[0m
[0;32mI (66) boot:  1 phy_init         RF data          01 01 0000f000 00001000[0m
[0;32mI (72) boot:  2 factory          factory app      00 00 00010000 00100000[0m
[0;32mI (79) boot: End of partition table[0m
[0;32mI (82) esp_image: segment 0: paddr=00010020 vaddr=3f400020 size=0ad38h ( 44344) map[0m
[0;32mI (105) esp_image: segment 1: paddr=0001ad60 vaddr=3ffb0000 size=02674h (  9844) load[0m
[0;32mI (109) esp_image: segment 2: paddr=0001d3dc vaddr=40080000 size=02c3ch ( 11324) load[0m
[0;32mI (114) esp_image: segment 3: paddr=00020020 vaddr=400d0020 size=1571ch ( 87836) map[0m
[0;32mI (148) esp_image: segment 4: paddr=00035744 vaddr=40082c3c size=094f0h ( 38128) load[0m
[0;32mI (164) esp_image: segment 5: paddr=0003ec3c vaddr=50000000 size=00024h (    36) load[0m
[0;32mI (170) boot: Loaded app from partition at offset 0x10000[0m
[0;32mI (170) boot: Disabling RNG early entropy source...[0m
[0;32mI (182) cpu_start: Multicore app[0m
[0;32mI (190) cpu_start: GPIO 3 and 1 are used as console UART I/O pins[0m
[0;32mI (190) cpu_start: Pro cpu start user code[0m
[0;32mI (190) cpu_start: cpu freq: 240000000 Hz[0m
[0;32mI (192) app_init: Application information:[0m
[0;32mI (196) app_init: Project name:     lab05[0m
[0;32mI (200) app_init: App version:      131cdc4-dirty[0m
[0;32mI (204) app_init: Compile time:     Oct 29 2025 22:16:11[0m
[0;32mI (209) app_init: ELF file SHA256:  c5501be85...[0m
[0;32mI (213) app_init: ESP-IDF:          v6.0-dev-2810-g800f141f94[0m
[0;32mI (219) efuse_init: Min chip rev:     v0.0[0m
[0;32mI (223) efuse_init: Max chip rev:     v3.99 [0m
[0;32mI (227) efuse_init: Chip rev:         v1.0[0m
[0;32mI (231) heap_init: Initializing. RAM available for dynamic allocation:[0m
[0;32mI (237) heap_init: At 3FFAE6E0 len 00001920 (6 KiB): DRAM[0m
[0;32mI (242) heap_init: At 3FFB3550 len 0002CAB0 (178 KiB): DRAM[0m
[0;32mI (247) heap_init: At 3FFE0440 len 00003AE0 (14 KiB): D/IRAM[0m
[0;32mI (253) heap_init: At 3FFE4350 len 0001BCB0 (111 KiB): D/IRAM[0m
[0;32mI (258) heap_init: At 4008C12C len 00013ED4 (79 KiB): IRAM[0m
[0;33mW (265) spi_flash: Detected boya flash chip but using generic driver. For optimal functionality, enable `SPI_FLASH_SUPPORT_BOYA_CHIP` in menuconfig[0m
[0;32mI (276) spi_flash: detected chip: generic[0m
[0;32mI (280) spi_flash: flash io: dio[0m
[0;32mI (284) main_task: Started on CPU0[0m
[0;32mI (294) main_task: Calling app_main()[0m
[0;32mI (294) lcd: GPIO_BL=14[0m
[0;32mI (294) lcd: GPIO_CS=5[0m
[0;32mI (294) lcd: GPIO_DC=4[0m
[0;32mI (294) lcd: GPIO_RST=-1[0m
[0;32mI (294) lcd: GPIO_MOSI=23[0m
[0;32mI (294) lcd: GPIO_SCLK=18[0m
[0;32mI (314) lcd: Enable Display Inversion[0m
[0;32mI (374) joystick: Calibrating joystick center...[0m
[0;32mI (384) joystick: Joystick center calibrated: X=1850, Y=1855[0m
[1;31mE (494) adc_oneshot: adc_oneshot_new_unit(99): adc1 is already in use[0m
ESP_ERROR_CHECK failed: esp_err_t 0x105 (ESP_ERR_NOT_FOUND) at 0x400d8b99
file: "/project/components/joy/joy.c" line 21
func: joy_init
expression: adc_oneshot_new_unit(&init_config, &adc1_handle)

abort() was called at PC 0x400868c3 on core 0


Backtrace: 0x4008695d:0x3ffb4690 0x40086929:0x3ffb46b0 0x400864ca:0x3ffb46d0 0x400868c3:0x3ffb4740 0x400d8b99:0x3ffb4770 0x400d67b4:0x3ffb47d0 0x400d6375:0x3ffb47f0 0x400d6283:0x3ffb4820 0x400d367c:0x3ffb4870




ELF file SHA256: c5501be85

Rebooting...
ets Jun  8 2016 00:22:57

rst:0xc (SW_CPU_RESET),boot:0x13 (SPI_FAST_FLASH_BOOT)
configsip: 0, SPIWP:0xee
clk_drv:0x00,q_drv:0x00,d_drv:0x00,cs0_drv:0x00,hd_drv:0x00,wp_drv:0x00
mode:DIO, clock div:2
load:0x3fff0040,len:6376
load:0x40078000,len:15900
ho 0 tail 12 room 4
load:0x40080400,len:3920
entry 0x40080644
[0;32mI (29) boot: ESP-IDF v6.0-dev-2810-g800f141f94 2nd stage bootloader[0m
[0;32mI (29) boot: compile time Oct 29 2025 22:16:04[0m
[0;32mI (29) boot: Multicore bootloader[0m
[0;32mI (32) boot: chip revision: v1.0[0m
[0;32mI (35) boot.esp32: SPI Speed      : 40MHz[0m
[0;32mI (39) boot.esp32: SPI Mode       : DIO[0m
[0;32mI (42) boot.esp32: SPI Flash Size : 4MB[0m
[0;32mI (46) boot: Enabling RNG early entropy source...[0m
[0;32mI (50) boot: Partition Table:[0m
[0;32mI (53) boot: ## Label            Usage          Type ST Offset   Length[0m
[0;32mI (59) boot:  0 nvs              WiFi data        01 02 00009000 00006000[0m
[0;32mI (66) boot:  1 phy_init         RF data          01 01 0000f000 00001000[0m
[0;32mI (72) boot:  2 factory          factory app      00 00 00010000 00100000[0m
[0;32mI (79) boot: End of partition table[0m
[0;32mI (82) esp_image: segment 0: paddr=00010020 vaddr=3f400020 size=0ad38h ( 44344) map[0m
[0;32mI (105) esp_image: segment 1: paddr=0001ad60 vaddr=3ffb0000 size=02674h (  9844) load[0m
[0;32mI (109) esp_image: segment 2: paddr=0001d3dc vaddr=40080000 size=02c3ch ( 11324) load[0m
[0;32mI (114) esp_image: segment 3: paddr=00020020 vaddr=400d0020 size=1571ch ( 87836) map[0m
[0;32mI (148) esp_image: segment 4: paddr=00035744 vaddr=40082c3c size=094f0h ( 38128) load[0m
[0;32mI (164) esp_image: segment 5: paddr=0003ec3c vaddr=50000000 size=00024h (    36) load[0m
[0;32mI (170) boot: Loaded app from partition at offset 0x10000[0m
[0;32mI (170) boot: Disabling RNG early entropy source...[0m
[0;32mI (182) cpu_start: Multicore app[0m
[0;32mI (190) cpu_start: GPIO 3 and 1 are used as console UART I/O pins[0m
[0;32mI (190) cpu_start: Pro cpu start user code[0m
[0;32mI (190) cpu_start: cpu freq: 240000000 Hz[0m
[0;32mI (192) app_init: Application information:[0m
[0;32mI (196) app_init: Project name:     lab05[0m
[0;32mI (200) app_init: App version:      131cdc4-dirty[0m
[0;32mI (204) app_init: Compile time:     Oct 29 2025 22:16:11[0m
[0;32mI (209) app_init: ELF file SHA256:  c5501be85...[0m
[0;32mI (213) app_init: ESP-IDF:          v6.0-dev-2810-g800f141f94[0m
[0;32mI (219) efuse_init: Min chip rev:     v0.0[0m
[0;32mI (223) efuse_init: Max chip rev:     v3.99 [0m
[0;32mI (227) efuse_init: Chip rev:         v1.0[0m
[0;32mI (231) heap_init: Initializing. RAM available for dynamic allocation:[0m
[0;32mI (237) heap_init: At 3FFAE6E0 len 00001920 (6 KiB): DRAM[0m
[0;32mI (242) heap_init: At 3FFB3550 len 0002CAB0 (178 KiB): DRAM[0m
[0;32mI (247) heap_init: At 3FFE0440 len 00003AE0 (14 KiB): D/IRAM[0m
[0;32mI (253) heap_init: At 3FFE4350 len 0001BCB0 (111 KiB): D/IRAM[0m
[0;32mI (258) heap_init: At 4008C12C len 00013ED4 (79 KiB): IRAM[0m
[0;33mW (265) spi_flash: Detected boya flash chip but using generic driver. For optimal functionality, enable `SPI_FLASH_SUPPORT_BOYA_CHIP` in menuconfig[0m
[0;32mI (276) spi_flash: detected chip: generic[0m
[0;32mI (280) spi_flash: flash io: dio[0m
[0;32mI (284) main_task: Started on CPU0[0m
[0;32mI (294) main_task: Calling app_main()[0m
[0;32mI (294) lcd: GPIO_BL=14[0m
[0;32mI (294) lcd: GPIO_CS=5[0m
[0;32mI (294) lcd: GPIO_DC=4[0m
[0;32mI (294) lcd: GPIO_RST=-1[0m
[0;32mI (294) lcd: GPIO_MOSI=23[0m
[0;32mI (294) lcd: GPIO_SCLK=18[0m
[0;32mI (314) lcd: Enable Display Inversion[0m
[0;32mI (374) joystick: Calibrating joystick center...[0m
[0;32mI (384) joystick: Joystick center calibrated: X=1850, Y=1855[0m
[1;31mE (494) adc_oneshot: adc_oneshot_new_unit(99): adc1 is already in use[0m
ESP_ERROR_CHECK failed: esp_err_t 0x105 (ESP_ERR_NOT_FOUND) at 0x400d8b99
file: "/project/components/joy/joy.c" line 21
func: joy_init
expression: adc_oneshot_new_unit(&init_config, &adc1_handle)

abort() was called at PC 0x400868c3 on core 0


Backtrace: 0x4008695d:0x3ffb4690 0x40086929:0x3ffb46b0 0x400864ca:0x3ffb46d0 0x400868c3:0x3ffb4740 0x400d8b99:0x3ffb4770 0x400d67b4:0x3ffb47d0 0x400d6375:0x3ffb47f0 0x400d6283:0x3ffb4820 0x400d367c:0x3ffb4870




ELF file SHA256: c5501be85

Rebooting...
ets Jun  8 2016 00:22:57

rst:0xc (SW_CPU_RESET),boot:0x13 (SPI_FAST_FLASH_BOOT)
configsip: 0, SPIWP:0xee
clk_drv:0x00,q_drv:0x00,d_drv:0x00,cs0_drv:0x00,hd_drv:0x00,wp_drv:0x00
mode:DIO, clock div:2
load:0x3fff0040,len:6376
load:0x40078000,len:15900
ho 0 tail 12 room 4
load:0x40080400,len:3920
entry 0x40080644
[0;32mI (29) boot: ESP-IDF v6.0-dev-2810-g800f141f94 2nd stage bootloader[0m
[0;32mI (29) boot: compile time Oct 29 2025 22:16:04[0m
[0;32mI (29) boot: Multicore bootloader[0m
[0;32mI (32) boot: chip revision: v1.0[0m
[0;32mI (35) boot.esp32: SPI Speed      : 40MHz[0m
[0;32mI (39) boot.esp32: SPI Mode       : DIO[0m
[0;32mI (42) boot.esp32: SPI Flash Size : 4MB[0m
[0;32mI (46) boot: Enabling RNG early entropy source...[0m
[0;32mI (50) boot: Partition Table:[0m
[0;32mI (53) boot: ## Label            Usage          Type ST Offset   Length[0m
[0;32mI (59) boot:  0 nvs              WiFi data        01 02 00009000 00006000[0m
[0;32mI (66) boot:  1 phy_init         RF data          01 01 0000f000 00001000[0m
[0;32mI (72) boot:  2 factory          factory app      00 00 00010000 00100000[0m
[0;32mI (79) boot: End of partition table[0m
[0;32mI (82) esp_image: segment 0: paddr=00010020 vaddr=3f400020 size=0ad38h ( 44344) map[0m
[0;32mI (105) esp_image: segment 1: paddr=0001ad60 vaddr=3ffb0000 size=02674h (  9844) load[0m
[0;32mI (109) esp_image: segment 2: paddr=0001d3dc vaddr=40080000 size=02c3ch ( 11324) load[0m
[0;32mI (114) esp_image: segment 3: paddr=00020020 vaddr=400d0020 size=1571ch ( 87836) map[0m
[0;32mI (148) esp_image: segment 4: paddr=00035744 vaddr=40082c3c size=094f0h ( 38128) load[0m
[0;32mI (164) esp_image: segment 5: paddr=0003ec3c vaddr=50000000 size=00024h (    36) load[0m
[0;32mI (170) boot: Loaded app from partition at offset 0x10000[0m
[0;32mI (170) boot: Disabling RNG early entropy source...[0m
[0;32mI (182) cpu_start: Multicore app[0m
[0;32mI (190) cpu_start: GPIO 3 and 1 are used as console UART I/O pins[0m
[0;32mI (190) cpu_start: Pro cpu start user code[0m
[0;32mI (190) cpu_start: cpu freq: 240000000 Hz[0m
[0;32mI (192) app_init: Application information:[0m
[0;32mI (196) app_init: Project name:     lab05[0m
[0;32mI (200) app_init: App version:      131cdc4-dirty[0m
[0;32mI (204) app_init: Compile time:     Oct 29 2025 22:16:11[0m
[0;32mI (209) app_init: ELF file SHA256:  c5501be85...[0m
[0;32mI (213) app_init: ESP-IDF:          v6.0-dev-2810-g800f141f94[0m
[0;32mI (219) efuse_init: Min chip rev:     v0.0[0m
[0;32mI (223) efuse_init: Max chip rev:     v3.99 [0m
[0;32mI (227) efuse_init: Chip rev:         v1.0[0m
[0;32mI (231) heap_init: Initializing. RAM available for dynamic allocation:[0m
[0;32mI (237) heap_init: At 3FFAE6E0 len 00001920 (6 KiB): DRAM[0m
[0;32mI (242) heap_init: At 3FFB3550 len 0002CAB0 (178 KiB): DRAM[0m
[0;32mI (247) heap_init: At 3FFE0440 len 00003AE0 (14 KiB): D/IRAM[0m
[0;32mI (253) heap_init: At 3FFE4350 len 0001BCB0 (111 KiB): D/IRAM[0m
[0;32mI (258) heap_init: At 4008C12C len 00013ED4 (79 KiB): IRAM[0m
[0;33mW (265) spi_flash: Detected boya flash chip but using generic driver. For optimal functionality, enable `SPI_FLASH_SUPPORT_BOYA_CHIP` in menuconfig[0m
[0;32mI (276) spi_flash: detected chip: generic[0m
[0;32mI (280) spi_flash: flash io: dio[0m
[0;32mI (284) main_task: Started on CPU0[0m
[0;32mI (294) main_task: Calling app_main()[0m
[0;32mI (294) lcd: GPIO_BL=14[0m
[0;32mI (294) lcd: GPIO_CS=5[0m
[0;32mI (294) lcd: GPIO_DC=4[0m
[0;32mI (294) lcd: GPIO_RST=-1[0m
[0;32mI (294) lcd: GPIO_MOSI=23[0m
[0;32mI (294) lcd: GPIO_SCLK=18[0m
[0;32mI (314) lcd: Enable Display Inversion[0m
[0;32mI (374) joystick: Calibrating joystick center...[0m
[0;32mI (384) joystick: Joystick center calibrated: X=1850, Y=1854[0m
[1;31mE (494) adc_oneshot: adc_oneshot_new_unit(99): adc1 is already in use[0m
ESP_ERROR_CHECK failed: esp_err_t 0x105 (ESP_ERR_NOT_FOUND) at 0x400d8b99
file: "/project/components/joy/joy.c" line 21
func: joy_init
expression: adc_oneshot_new_unit(&init_config, &adc1_handle)

abort() was called at PC 0x400868c3 on core 0


Backtrace: 0x4008695d:0x3ffb4690 0x40086929:0x3ffb46b0 0x400864ca:0x3ffb46d0 0x400868c3:0x3ffb4740 0x400d8b99:0x3ffb4770 0x400d67b4:0x3ffb47d0 0x400d6375:0x3ffb47f0 0x400d6283:0x3ffb4820 0x400d367c:0x3ffb4870




ELF file SHA256: c5501be85

Rebooting...
ets Jun  8 2016 00:22:57

rst:0xc (SW_CPU_RESET),boot:0x13 (SPI_FAST_FLASH_BOOT)
configsip: 0, SPIWP:0xee
clk_drv:0x00,q_drv:0x00,d_drv:0x00,cs0_drv:0x00,hd_drv:0x00,wp_drv:0x00
mode:DIO, clock div:2
load:0x3fff0040,len:6376
load:0x40078000,len:15900
ho 0 tail 12 room 4
load:0x40080400,len:3920
entry 0x40080644
[0;32mI (29) boot: ESP-IDF v6.0-dev-2810-g800f141f94 2nd stage bootloader[0m
[0;32mI (29) boot: compile time Oct 29 2025 22:16:04[0m
[0;32mI (29) boot: Multicore bootloader[0m
[0;32mI (32) boot: chip revision: v1.0[0m
[0;32mI (35) boot.esp32: SPI Speed      : 40MHz[0m
[0;32mI (39) boot.esp32: SPI Mode       : DIO[0m
[0;32mI (42) boot.esp32: SPI Flash Size : 4MB[0m
[0;32mI (46) boot: Enabling RNG early entropy source...[0m
[0;32mI (50) boot: Partition Table:[0m
[0;32mI (53) boot: ## Label            Usage          Type ST Offset   Length[0m
[0;32mI (59) boot:  0 nvs              WiFi data        01 02 00009000 00006000[0m
[0;32mI (66) boot:  1 phy_init         RF data          01 01 0000f000 00001000[0m
[0;32mI (72) boot:  2 factory          factory app      00 00 00010000 00100000[0m
[0;32mI (79) boot: End of partition table[0m
[0;32mI (82) esp_image: segment 0: paddr=00010020 vaddr=3f400020 size=0ad38h ( 44344) map[0m
[0;32mI (105) esp_image: segment 1: paddr=0001ad60 vaddr=3ffb0000 size=02674h (  9844) load[0m
[0;32mI (109) esp_image: segment 2: paddr=0001d3dc vaddr=40080000 size=02c3ch ( 11324) load[0m
[0;32mI (114) esp_image: segment 3: paddr=00020020 vaddr=400d0020 size=1571ch ( 87836) map[0m
[0;32mI (148) esp_image: segment 4: paddr=00035744 vaddr=40082c3c size=094f0h ( 38128) load[0m
[0;32mI (164) esp_image: segment 5: paddr=0003ec3c vaddr=50000000 size=00024h (    36) load[0m
[0;32mI (170) boot: Loaded app from partition at offset 0x10000[0m
[0;32mI (170) boot: Disabling RNG early entropy source...[0m
[0;32mI (182) cpu_start: Multicore app[0m
[0;32mI (190) cpu_start: GPIO 3 and 1 are used as console UART I/O pins[0m
[0;32mI (190) cpu_start: Pro cpu start user code[0m
[0;32mI (190) cpu_start: cpu freq: 240000000 Hz[0m
[0;32mI (192) app_init: Application information:[0m
[0;32mI (196) app_init: Project name:     lab05[0m
[0;32mI (200) app_init: App version:      131cdc4-dirty[0m
[0;32mI (204) app_init: Compile time:     Oct 29 2025 22:16:11[0m
[0;32mI (209) app_init: ELF file SHA256:  c5501be85...[0m
[0;32mI (213) app_init: ESP-IDF:          v6.0-dev-2810-g800f141f94[0m
[0;32mI (219) efuse_init: Min chip rev:     v0.0[0m
[0;32mI (223) efuse_init: Max chip rev:     v3.99 [0m
[0;32mI (227) efuse_init: Chip rev:         v1.0[0m
[0;32mI (231) heap_init: Initializing. RAM available for dynamic allocation:[0m
[0;32mI (237) heap_init: At 3FFAE6E0 len 00001920 (6 KiB): DRAM[0m
[0;32mI (242) heap_init: At 3FFB3550 len 0002CAB0 (178 KiB): DRAM[0m
[0;32mI (247) heap_init: At 3FFE0440 len 00003AE0 (14 KiB): D/IRAM[0m
[0;32mI (253) heap_init: At 3FFE4350 len 0001BCB0 (111 KiB): D/IRAM[0m
[0;32mI (258) heap_init: At 4008C12C len 00013ED4 (79 KiB): IRAM[0m
[0;33mW (265) spi_flash: Detected boya flash chip but using generic driver. For optimal functionality, enable `SPI_FLASH_SUPPORT_BOYA_CHIP` in menuconfig[0m
[0;32mI (276) spi_flash: detected chip: generic[0m
[0;32mI (280) spi_flash: flash io: dio[0m
[0;32mI (284) main_task: Started on CPU0[0m
[0;32mI (294) main_task: Calling app_main()[0m
[0;32mI (294) lcd: GPIO_BL=14[0m
[0;32mI (294) lcd: GPIO_CS=5[0m
[0;32mI (294) lcd: GPIO_DC=4[0m
[0;32mI (294) lcd: GPIO_RST=-1[0m
[0;32mI (294) lcd: GPIO_MOSI=23[0m
[0;32mI (294) lcd: GPIO_SCLK=18[0m
[0;32mI (314) lcd: Enable Display Inversion[0m
[0;32mI (374) joystick: Calibrating joystick center...[0m
[0;32mI (384) joystick: Joystick center calibrated: X=1851, Y=1855[0m
[1;31mE (494) adc_oneshot: adc_oneshot_new_unit(99): adc1 is already in use[0m
ESP_ERROR_CHECK failed: esp_err_t 0x105 (ESP_ERR_NOT_FOUND) at 0x400d8b99
file: "/project/components/joy/joy.c" line 21
func: joy_init
expression: adc_oneshot_new_unit(&init_config, &adc1_handle)

abort() was called at PC 0x400868c3 on core 0


Backtrace: 0x4008695d:0x3ffb4690 0x40086929:0x3ffb46b0 0x400864ca:0x3ffb46d0 0x400868c3:0x3ffb4740 0x400d8b99:0x3ffb4770 0x400d67b4:0x3ffb47d0 0x400d6375:0x3ffb47f0 0x400d6283:0x3ffb4820 0x400d367c:0x3ffb4870




ELF file SHA256: c5501be85

Rebooting...
ets Jun  8 2016 00:22:57

rst:0xc (SW_CPU_RESET),boot:0x13 (SPI_FAST_FLASH_BOOT)
configsip: 0, SPIWP:0xee
clk_drv:0x00,q_drv:0x00,d_drv:0x00,cs0_drv:0x00,hd_drv:0x00,wp_drv:0x00
mode:DIO, clock div:2
load:0x3fff0040,len:6376
load:0x40078000,len:15900
ho 0 tail 12 room 4
load:0x40080400,len:3920
entry 0x40080644
[0;32mI (29) boot: ESP-IDF v6.0-dev-2810-g800f141f94 2nd stage bootloader[0m
[0;32mI (29) boot: compile time Oct 29 2025 22:16:04[0m
[0;32mI (29) boot: Multicore bootloader[0m
[0;32mI (32) boot: chip revision: v1.0[0m
[0;32mI (35) boot.esp32: SPI Speed      : 40MHz[0m
[0;32mI (39) boot.esp32: SPI Mode       : DIO[0m
[0;32mI (42) boot.esp32: SPI Flash Size : 4MB[0m
[0;32mI (46) boot: Enabling RNG early entropy source...[0m
[0;32mI (50) boot: Partition Table:[0m
[0;32mI (53) boot: ## Label            Usage          Type ST Offset   Length[0m
[0;32mI (59) boot:  0 nvs              WiFi data        01 02 00009000 00006000[0m
[0;32mI (66) boot:  1 phy_init         RF data          01 01 0000f000 00001000[0m
[0;32mI (72) boot:  2 factory          factory app      00 00 00010000 00100000[0m
[0;32mI (79) boot: End of partition table[0m
[0;32mI (82) esp_image: segment 0: paddr=00010020 vaddr=3f400020 size=0ad38h ( 44344) map[0m
[0;32mI (105) esp_image: segment 1: paddr=0001ad60 vaddr=3ffb0000 size=02674h (  9844) load[0m
[0;32mI (109) esp_image: segment 2: paddr=0001d3dc vaddr=40080000 size=02c3ch ( 11324) load[0m
[0;32mI (114) esp_image: segment 3: paddr=00020020 vaddr=400d0020 size=1571ch ( 87836) map[0m
[0;32mI (148) esp_image: segment 4: paddr=00035744 vaddr=40082c3c size=094f0h ( 38128) load[0m
[0;32mI (164) esp_image: segment 5: paddr=0003ec3c vaddr=50000000 size=00024h (    36) load[0m
[0;32mI (170) boot: Loaded app from partition at offset 0x10000[0m
[0;32mI (170) boot: Disabling RNG early entropy source...[0m
[0;32mI (182) cpu_start: Multicore app[0m
[0;32mI (190) cpu_start: GPIO 3 and 1 are used as console UART I/O pins[0m
[0;32mI (190) cpu_start: Pro cpu start user code[0m
[0;32mI (190) cpu_start: cpu freq: 240000000 Hz[0m
[0;32mI (192) app_init: Application information:[0m
[0;32mI (196) app_init: Project name:     lab05[0m
[0;32mI (200) app_init: App version:      131cdc4-dirty[0m
[0;32mI (204) app_init: Compile time:     Oct 29 2025 22:16:11[0m
[0;32mI (209) app_init: ELF file SHA256:  c5501be85...[0m
[0;32mI (213) app_init: ESP-IDF:          v6.0-dev-2810-g800f141f94[0m
[0;32mI (219) efuse_init: Min chip rev:     v0.0[0m
[0;32mI (223) efuse_init: Max chip rev:     v3.99 [0m
[0;32mI (227) efuse_init: Chip rev:         v1.0[0m
[0;32mI (231) heap_init: Initializing. RAM available for dynamic allocation:[0m
[0;32mI (237) heap_init: At 3FFAE6E0 len 00001920 (6 KiB): DRAM[0m
[0;32mI (242) heap_init: At 3FFB3550 len 0002CAB0 (178 KiB): DRAM[0m
[0;32mI (247) heap_init: At 3FFE0440 len 00003AE0 (14 KiB): D/IRAM[0m
[0;32mI (253) heap_init: At 3FFE4350 len 0001BCB0 (111 KiB): D/IRAM[0m
[0;32mI (258) heap_init: At 4008C12C len 00013ED4 (79 KiB): IRAM[0m
[0;33mW (265) spi_flash: Detected boya flash chip but using generic driver. For optimal functionality, enable `SPI_FLASH_SUPPORT_BOYA_CHIP` in menuconfig[0m
[0;32mI (276) spi_flash: detected chip: generic[0m
[0;32mI (280) spi_flash: flash io: dio[0m
[0;32mI (284) main_task: Started on CPU0[0m
[0;32mI (294) main_task: Calling app_main()[0m
[0;32mI (294) lcd: GPIO_BL=14[0m
[0;32mI (294) lcd: GPIO_CS=5[0m
[0;32mI (294) lcd: GPIO_DC=4[0m
[0;32mI (294) lcd: GPIO_RST=-1[0m
[0;32mI (294) lcd: GPIO_MOSI=23[0m
[0;32mI (294) lcd: GPIO_SCLK=18[0m
[0;32mI (314) lcd: Enable Display Inversion[0m
[0;32mI (374) joystick: Calibrating joystick center...[0m
[0;32mI (384) joystick: Joystick center calibrated: X=1850, Y=1854[0m
[1;31mE (494) adc_oneshot: adc_oneshot_new_unit(99): adc1 is already in use[0m
ESP_ERROR_CHECK failed: esp_err_t 0x105 (ESP_ERR_NOT_FOUND) at 0x400d8b99
file: "/project/components/joy/joy.c" line 21
func: joy_init
expression: adc_oneshot_new_unit(&init_config, &adc1_handle)

abort() was called at PC 0x400868c3 on core 0


Backtrace: 0x4008695d:0x3ffb4690 0x40086929:0x3ffb46b0 0x400864ca:0x3ffb46d0 0x400868c3:0x3ffb4740 0x400d8b99:0x3ffb4770 0x400d67b4:0x3ffb47d0 0x400d6375:0x3ffb47f0 0x400d6283:0x3ffb4820 0x400d367c:0x3ffb4870




ELF file SHA256: c5501be85

Rebooting...
ets Jun  8 2016 00:22:57

rst:0xc (SW_CPU_RESET),boot:0x13 (SPI_FAST_FLASH_BOOT)
configsip: 0, SPIWP:0xee
clk_drv:0x00,q_drv:0x00,d_drv:0x00,cs0_drv:0x00,hd_drv:0x00,wp_drv:0x00
mode:DIO, clock div:2
load:0x3fff0040,len:6376
load:0x40078000,len:15900
ho 0 tail 12 room 4
load:0x40080400,len:3920
entry 0x40080644
[0;32mI (29) boot: ESP-IDF v6.0-dev-2810-g800f141f94 2nd stage bootloader[0m
[0;32mI (29) boot: compile time Oct 29 2025 22:16:04[0m
[0;32mI (29) boot: Multicore bootloader[0m
[0;32mI (32) boot: chip revision: v1.0[0m
[0;32mI (35) boot.esp32: SPI Speed      : 40MHz[0m
[0;32mI (39) boot.esp32: SPI Mode       : DIO[0m
[0;32mI (42) boot.esp32: SPI Flash Size : 4MB[0m
[0;32mI (46) boot: Enabling RNG early entropy source...[0m
[0;32mI (50) boot: Partition Table:[0m
[0;32mI (53) boot: ## Label            Usage          Type ST Offset   Length[0m
[0;32mI (59) boot:  0 nvs              WiFi data        01 02 00009000 00006000[0m
[0;32mI (66) boot:  1 phy_init         RF data          01 01 0000f000 00001000[0m
[0;32mI (72) boot:  2 factory          factory app      00 00 00010000 00100000[0m
[0;32mI (79) boot: End of partition table[0m
[0;32mI (82) esp_image: segment 0: paddr=00010020 vaddr=3f400020 size=0ad38h ( 44344) map[0m
[0;32mI (105) esp_image: segment 1: paddr=0001ad60 vaddr=3ffb0000 size=02674h (  9844) load[0m
[0;32mI (109) esp_image: segment 2: paddr=0001d3dc vaddr=40080000 size=02c3ch ( 11324) load[0m
[0;32mI (114) esp_image: segment 3: paddr=00020020 vaddr=400d0020 size=1571ch ( 87836) map[0m
[0;32mI (148) esp_image: segment 4: paddr=00035744 vaddr=40082c3c size=094f0h ( 38128) load[0m
[0;32mI (164) esp_image: segment 5: paddr=0003ec3c vaddr=50000000 size=00024h (    36) load[0m
[0;32mI (170) boot: Loaded app from partition at offset 0x10000[0m
[0;32mI (170) boot: Disabling RNG early entropy source...[0m
[0;32mI (182) cpu_start: Multicore app[0m
[0;32mI (190) cpu_start: GPIO 3 and 1 are used as console UART I/O pins[0m
[0;32mI (190) cpu_start: Pro cpu start user code[0m
[0;32mI (190) cpu_start: cpu freq: 240000000 Hz[0m
[0;32mI (192) app_init: Application information:[0m
[0;32mI (196) app_init: Project name:     lab05[0m
[0;32mI (200) app_init: App version:      131cdc4-dirty[0m
[0;32mI (204) app_init: Compile time:     Oct 29 2025 22:16:11[0m
[0;32mI (209) app_init: ELF file SHA256:  c5501be85...[0m
[0;32mI (213) app_init: ESP-IDF:          v6.0-dev-2810-g800f141f94[0m
[0;32mI (219) efuse_init: Min chip rev:     v0.0[0m
[0;32mI (223) efuse_init: Max chip rev:     v3.99 [0m
[0;32mI (227) efuse_init: Chip rev:         v1.0[0m
[0;32mI (231) heap_init: Initializing. RAM available for dynamic allocation:[0m
[0;32mI (237) heap_init: At 3FFAE6E0 len 00001920 (6 KiB): DRAM[0m
[0;32mI (242) heap_init: At 3FFB3550 len 0002CAB0 (178 KiB): DRAM[0m
[0;32mI (247) heap_init: At 3FFE0440 len 00003AE0 (14 KiB): D/IRAM[0m
[0;32mI (253) heap_init: At 3FFE4350 len 0001BCB0 (111 KiB): D/IRAM[0m
[0;32mI (258) heap_init: At 4008C12C len 00013ED4 (79 KiB): IRAM[0m
[0;33mW (265) spi_flash: Detected boya flash chip but using generic driver. For optimal functionality, enable `SPI_FLASH_SUPPORT_BOYA_CHIP` in menuconfig[0m
[0;32mI (276) spi_flash: detected chip: generic[0m
[0;32mI (280) spi_flash: flash io: dio[0m
[0;32mI (284) main_task: Started on CPU0[0m
[0;32mI (294) main_task: Calling app_main()[0m
[0;32mI (294) lcd: GPIO_BL=14[0m
[0;32mI (294) lcd: GPIO_CS=5[0m
[0;32mI (294) lcd: GPIO_DC=4[0m
[0;32mI (294) lcd: GPIO_RST=-1[0m
[0;32mI (294) lcd: GPIO_MOSI=23[0m
[0;32mI (294) lcd: GPIO_SCLK=18[0m
[0;32mI (314) lcd: Enable Display Inversion[0m
[0;32mI (374) joystick: Calibrating joystick center...[0m
[0;32mI (384) joystick: Joystick center calibrated: X=1851, Y=1855[0m
[1;31mE (494) adc_oneshot: adc_oneshot_new_unit(99): adc1 is already in use[0m
ESP_ERROR_CHECK failed: esp_err_t 0x105 (ESP_ERR_NOT_FOUND) at 0x400d8b99
file: "/project/components/joy/joy.c" line 21
func: joy_init
expression: adc_oneshot_new_unit(&init_config, &adc1_handle)

abort() was called at PC 0x400868c3 on core 0


Backtrace: 0x4008695d:0x3ffb4690 0x40086929:0x3ffb46b0 0x400864ca:0x3ffb46d0 0x400868c3:0x3ffb4740 0x400d8b99:0x3ffb4770 0x400d67b4:0x3ffb47d0 0x400d6375:0x3ffb47f0 0x400d6283:0x3ffb4820 0x400d367c:0x3ffb4870




ELF file SHA256: c5501be85

Rebooting...
ets Jun  8 2016 00:22:57

rst:0xc (SW_CPU_RESET),boot:0x13 (SPI_FAST_FLASH_BOOT)
configsip: 0, SPIWP:0xee
clk_drv:0x00,q_drv:0x00,d_drv:0x00,cs0_drv:0x00,hd_drv:0x00,wp_drv:0x00
mode:DIO, clock div:2
load:0x3fff0040,len:6376
load:0x40078000,len:15900
ho 0 tail 12 room 4
load:0x40080400,len:3920
entry 0x40080644
[0;32mI (29) boot: ESP-IDF v6.0-dev-2810-g800f141f94 2nd stage bootloader[0m
[0;32mI (29) boot: compile time Oct 29 2025 22:16:04[0m
[0;32mI (29) boot: Multicore bootloader[0m
[0;32mI (32) boot: chip revision: v1.0[0m
[0;32mI (35) boot.esp32: SPI Speed      : 40MHz[0m
[0;32mI (39) boot.esp32: SPI Mode       : DIO[0m
[0;32mI (42) boot.esp32: SPI Flash Size : 4MB[0m
[0;32mI (46) boot: Enabling RNG early entropy source...[0m
[0;32mI (50) boot: Partition Table:[0m
[0;32mI (53) boot: ## Label            Usage          Type ST Offset   Length[0m
[0;32mI (59) boot:  0 nvs              WiFi data        01 02 00009000 00006000[0m
[0;32mI (66) boot:  1 phy_init         RF data          01 01 0000f000 00001000[0m
[0;32mI (72) boot:  2 factory          factory app      00 00 00010000 00100000[0m
[0;32mI (79) boot: End of partition table[0m
[0;32mI (82) esp_image: segment 0: paddr=00010020 vaddr=3f400020 size=0ad38h ( 44344) map[0m
[0;32mI (105) esp_image: segment 1: paddr=0001ad60 vaddr=3ffb0000 size=02674h (  9844) load[0m
[0;32mI (109) esp_image: segment 2: paddr=0001d3dc vaddr=40080000 size=02c3ch ( 11324) load[0m
[0;32mI (114) esp_image: segment 3: paddr=00020020 vaddr=400d0020 size=1571ch ( 87836) map[0m
[0;32mI (148) esp_image: segment 4: paddr=00035744 vaddr=40082c3c size=094f0h ( 38128) load[0m
[0;32mI (164) esp_image: segment 5: paddr=0003ec3c vaddr=50000000 size=00024h (    36) load[0m
[0;32mI (170) boot: Loaded app from partition at offset 0x10000[0m
[0;32mI (170) boot: Disabling RNG early entropy source...[0m
[0;32mI (182) cpu_start: Multicore app[0m
[0;32mI (190) cpu_start: GPIO 3 and 1 are used as console UART I/O pins[0m
[0;32mI (190) cpu_start: Pro cpu start user code[0m
[0;32mI (190) cpu_start: cpu freq: 240000000 Hz[0m
[0;32mI (192) app_init: Application information:[0m
[0;32mI (196) app_init: Project name:     lab05[0m
[0;32mI (200) app_init: App version:      131cdc4-dirty[0m
[0;32mI (204) app_init: Compile time:     Oct 29 2025 22:16:11[0m
[0;32mI (209) app_init: ELF file SHA256:  c5501be85...[0m
[0;32mI (213) app_init: ESP-IDF:          v6.0-dev-2810-g800f141f94[0m
[0;32mI (219) efuse_init: Min chip rev:     v0.0[0m
[0;32mI (223) efuse_init: Max chip rev:     v3.99 [0m
[0;32mI (227) efuse_init: Chip rev:         v1.0[0m
[0;32mI (231) heap_init: Initializing. RAM available for dynamic allocation:[0m
[0;32mI (237) heap_init: At 3FFAE6E0 len 00001920 (6 KiB): DRAM[0m
[0;32mI (242) heap_init: At 3FFB3550 len 0002CAB0 (178 KiB): DRAM[0m
[0;32mI (247) heap_init: At 3FFE0440 len 00003AE0 (14 KiB): D/IRAM[0m
[0;32mI (253) heap_init: At 3FFE4350 len 0001BCB0 (111 KiB): D/IRAM[0m
[0;32mI (258) heap_init: At 4008C12C len 00013ED4 (79 KiB): IRAM[0m
[0;33mW (265) spi_flash: Detected boya flash chip but using generic driver. For optimal functionality, enable `SPI_FLASH_SUPPORT_BOYA_CHIP` in menuconfig[0m
[0;32mI (276) spi_flash: detected chip: generic[0m
[0;32mI (280) spi_flash: flash io: dio[0m
[0;32mI (284) main_task: Started on CPU0[0m
[0;32mI (294) main_task: Calling app_main()[0m
[0;32mI (294) lcd: GPIO_BL=14[0m
[0;32mI (294) lcd: GPIO_CS=5[0m
[0;32mI (294) lcd: GPIO_DC=4[0m
[0;32mI (294) lcd: GPIO_RST=-1[0m
[0;32mI (294) lcd: GPIO_MOSI=23[0m
[0;32mI (294) lcd: GPIO_SCLK=18[0m
[0;32mI (314) lcd: Enable Display Inversion[0m
[0;32mI (374) joystick: Calibrating joystick center...[0m
[0;32mI (384) joystick: Joystick center calibrated: X=4095, Y=1854[0m
[1;31mE (494) adc_oneshot: adc_oneshot_new_unit(99): adc1 is already in use[0m
ESP_ERROR_CHECK failed: esp_err_t 0x105 (ESP_ERR_NOT_FOUND) at 0x400d8b99
file: "/project/components/joy/joy.c" line 21
func: joy_init
expression: adc_oneshot_new_unit(&init_config, &adc1_handle)

abort() was called at PC 0x400868c3 on core 0


Backtrace: 0x4008695d:0x3ffb4690 0x40086929:0x3ffb46b0 0x400864ca:0x3ffb46d0 0x400868c3:0x3ffb4740 0x400d8b99:0x3ffb4770 0x400d67b4:0x3ffb47d0 0x400d6375:0x3ffb47f0 0x400d6283:0x3ffb4820 0x400d367c:0x3ffb4870




ELF file SHA256: c5501be85

Rebooting...
ets Jun  8 2016 00:22:57

rst:0xc (SW_CPU_RESET),boot:0x13 (SPI_FAST_FLASH_BOOT)
configsip: 0, SPIWP:0xee
clk_drv:0x00,q_drv:0x00,d_drv:0x00,cs0_drv:0x00,hd_drv:0x00,wp_drv:0x00
mode:DIO, clock div:2
load:0x3fff0040,len:6376
load:0x40078000,len:15900
ho 0 tail 12 room 4
load:0x40080400,len:3920
entry 0x40080644
[0;32mI (29) boot: ESP-IDF v6.0-dev-2810-g800f141f94 2nd stage bootloader[0m
[0;32mI (29) boot: compile time Oct 29 2025 22:16:04[0m
[0;32mI (29) boot: Multicore bootloader[0m
[0;32mI (32) boot: chip revision: v1.0[0m
[0;32mI (35) boot.esp32: SPI Speed      : 40MHz[0m
[0;32mI (39) boot.esp32: SPI Mode       : DIO[0m
[0;32mI (42) boot.esp32: SPI Flash Size : 4MB[0m
[0;32mI (46) boot: Enabling RNG early entropy source...[0m
[0;32mI (50) boot: Partition Table:[0m
[0;32mI (53) boot: ## Label            Usage          Type ST Offset   Length[0m
[0;32mI (59) boot:  0 nvs              WiFi data        01 02 00009000 00006000[0m
[0;32mI (66) boot:  1 phy_init         RF data          01 01 0000f000 00001000[0m
[0;32mI (72) boot:  2 factory          factory app      00 00 00010000 00100000[0m
[0;32mI (79) boot: End of partition table[0m
[0;32mI (82) esp_image: segment 0: paddr=00010020 vaddr=3f400020 size=0ad38h ( 44344) map[0m
[0;32mI (105) esp_image: segment 1: paddr=0001ad60 vaddr=3ffb0000 size=02674h (  9844) load[0m
[0;32mI (109) esp_image: segment 2: paddr=0001d3dc vaddr=40080000 size=02c3ch ( 11324) load[0m
[0;32mI (114) esp_image: segment 3: paddr=00020020 vaddr=400d0020 size=1571ch ( 87836) map[0m
[0;32mI (148) esp_image: segment 4: paddr=00035744 vaddr=40082c3c size=094f0h ( 38128) load[0m
[0;32mI (164) esp_image: segment 5: paddr=0003ec3c vaddr=50000000 size=00024h (    36) load[0m
[0;32mI (170) boot: Loaded app from partition at offset 0x10000[0m
[0;32mI (170) boot: Disabling RNG early entropy source...[0m
[0;32mI (182) cpu_start: Multicore app[0m
[0;32mI (190) cpu_start: GPIO 3 and 1 are used as console UART I/O pins[0m
[0;32mI (190) cpu_start: Pro cpu start user code[0m
[0;32mI (190) cpu_start: cpu freq: 240000000 Hz[0m
[0;32mI (192) app_init: Application information:[0m
[0;32mI (196) app_init: Project name:     lab05[0m
[0;32mI (200) app_init: App version:      131cdc4-dirty[0m
[0;32mI (204) app_init: Compile time:     Oct 29 2025 22:16:11[0m
[0;32mI (209) app_init: ELF file SHA256:  c5501be85...[0m
[0;32mI (213) app_init: ESP-IDF:          v6.0-dev-2810-g800f141f94[0m
[0;32mI (219) efuse_init: Min chip rev:     v0.0[0m
[0;32mI (223) efuse_init: Max chip rev:     v3.99 [0m
[0;32mI (227) efuse_init: Chip rev:         v1.0[0m
[0;32mI (231) heap_init: Initializing. RAM available for dynamic allocation:[0m
[0;32mI (237) heap_init: At 3FFAE6E0 len 00001920 (6 KiB): DRAM[0m
[0;32mI (242) heap_init: At 3FFB3550 len 0002CAB0 (178 KiB): DRAM[0m
[0;32mI (247) heap_init: At 3FFE0440 len 00003AE0 (14 KiB): D/IRAM[0m
[0;32mI (253) heap_init: At 3FFE4350 len 0001BCB0 (111 KiB): D/IRAM[0m
[0;32mI (258) heap_init: At 4008C12C len 00013ED4 (79 KiB): IRAM[0m
[0;33mW (265) spi_flash: Detected boya flash chip but using generic driver. For optimal functionality, enable `SPI_FLASH_SUPPORT_BOYA_CHIP` in menuconfig[0m
[0;32mI (276) spi_flash: detected chip: generic[0m
[0;32mI (280) spi_flash: flash io: dio[0m
[0;32mI (284) main_task: Started on CPU0[0m
[0;32mI (294) main_task: Calling app_main()[0m
[0;32mI (294) lcd: GPIO_BL=14[0m
[0;32mI (294) lcd: GPIO_CS=5[0m
[0;32mI (294) lcd: GPIO_DC=4[0m
[0;32mI (294) lcd: GPIO_RST=-1[0m
[0;32mI (294) lcd: GPIO_MOSI=23[0m
[0;32mI (294) lcd: GPIO_SCLK=18[0m
[0;32mI (314) lcd: Enable Display Inversion[0m
[0;32mI (374) joystick: Calibrating joystick center...[0m
[0;32mI (384) joystick: Joystick center calibrated: X=1653, Y=0[0m
[1;31mE (494) adc_oneshot: adc_oneshot_new_unit(99): adc1 is already in use[0m
ESP_ERROR_CHECK failed: esp_err_t 0x105 (ESP_ERR_NOT_FOUND) at 0x400d8b99
file: "/project/components/joy/joy.c" line 21
func: joy_init
expression: adc_oneshot_new_unit(&init_config, &adc1_handle)

abort() was called at PC 0x400868c3 on core 0


Backtrace: 0x4008695d:0x3ffb4690 0x40086929:0x3ffb46b0 0x400864ca:0x3ffb46d0 0x400868c3:0x3ffb4740 0x400d8b99:0x3ffb4770 0x400d67b4:0x3ffb47d0 0x400d6375:0x3ffb47f0 0x400d6283:0x3ffb4820 0x400d367c:0x3ffb4870




ELF file SHA256: c5501be85

Rebooting...
ets Jun  8 2016 00:22:57

rst:0xc (SW_CPU_RESET),boot:0x13 (SPI_FAST_FLASH_BOOT)
configsip: 0, SPIWP:0xee
clk_drv:0x00,q_drv:0x00,d_drv:0x00,cs0_drv:0x00,hd_drv:0x00,wp_drv:0x00
mode:DIO, clock div:2
load:0x3fff0040,len:6376
load:0x40078000,len:15900
ho 0 tail 12 room 4
load:0x40080400,len:3920
entry 0x40080644
[0;32mI (29) boot: ESP-IDF v6.0-dev-2810-g800f141f94 2nd stage bootloader[0m
[0;32mI (29) boot: compile time Oct 29 2025 22:16:04[0m
[0;32mI (29) boot: Multicore bootloader[0m
[0;32mI (32) boot: chip revision: v1.0[0m
[0;32mI (35) boot.esp32: SPI Speed      : 40MHz[0m
[0;32mI (39) boot.esp32: SPI Mode       : DIO[0m
[0;32mI (42) boot.esp32: SPI Flash Size : 4MB[0m
[0;32mI (46) boot: Enabling RNG early entropy source...[0m
[0;32mI (50) boot: Partition Table:[0m
[0;32mI (53) boot: ## Label            Usage          Type ST Offset   Length[0m
[0;32mI (59) boot:  0 nvs              WiFi data        01 02 00009000 00006000[0m
[0;32mI (66) boot:  1 phy_init         RF data          01 01 0000f000 00001000[0m
[0;32mI (72) boot:  2 factory          factory app      00 00 00010000 00100000[0m
[0;32mI (79) boot: End of partition table[0m
[0;32mI (82) esp_image: segment 0: paddr=00010020 vaddr=3f400020 size=0ad38h ( 44344) map[0m
[0;32mI (105) esp_image: segment 1: paddr=0001ad60 vaddr=3ffb0000 size=02674h (  9844) load[0m
[0;32mI (109) esp_image: segment 2: paddr=0001d3dc vaddr=40080000 size=02c3ch ( 11324) load[0m
[0;32mI (114) esp_image: segment 3: paddr=00020020 vaddr=400d0020 size=1571ch ( 87836) map[0m
[0;32mI (148) esp_image: segment 4: paddr=00035744 vaddr=40082c3c size=094f0h ( 38128) load[0m
[0;32mI (164) esp_image: segment 5: paddr=0003ec3c vaddr=50000000 size=00024h (    36) load[0m
[0;32mI (170) boot: Loaded app from partition at offset 0x10000[0m
[0;32mI (170) boot: Disabling RNG early entropy source...[0m
[0;32mI (182) cpu_start: Multicore app[0m
[0;32mI (190) cpu_start: GPIO 3 and 1 are used as console UART I/O pins[0m
[0;32mI (190) cpu_start: Pro cpu start user code[0m
[0;32mI (190) cpu_start: cpu freq: 240000000 Hz[0m
[0;32mI (192) app_init: Application information:[0m
[0;32mI (196) app_init: Project name:     lab05[0m
[0;32mI (200) app_init: App version:      131cdc4-dirty[0m
[0;32mI (204) app_init: Compile time:     Oct 29 2025 22:16:11[0m
[0;32mI (209) app_init: ELF file SHA256:  c5501be85...[0m
[0;32mI (213) app_init: ESP-IDF:          v6.0-dev-2810-g800f141f94[0m
[0;32mI (219) efuse_init: Min chip rev:     v0.0[0m
[0;32mI (223) efuse_init: Max chip rev:     v3.99 [0m
[0;32mI (227) efuse_init: Chip rev:         v1.0[0m
[0;32mI (231) heap_init: Initializing. RAM available for dynamic allocation:[0m
[0;32mI (237) heap_init: At 3FFAE6E0 len 00001920 (6 KiB): DRAM[0m
[0;32mI (242) heap_init: At 3FFB3550 len 0002CAB0 (178 KiB): DRAM[0m
[0;32mI (247) heap_init: At 3FFE0440 len 00003AE0 (14 KiB): D/IRAM[0m
[0;32mI (253) heap_init: At 3FFE4350 len 0001BCB0 (111 KiB): D/IRAM[0m
[0;32mI (258) heap_init: At 4008C12C len 00013ED4 (79 KiB): IRAM[0m
[0;33mW (265) spi_flash: Detected boya flash chip but using generic driver. For optimal functionality, enable `SPI_FLASH_SUPPORT_BOYA_CHIP` in menuconfig[0m
[0;32mI (276) spi_flash: detected chip: generic[0m
[0;32mI (280) spi_flash: flash io: dio[0m
[0;32mI (284) main_task: Started on CPU0[0m
[0;32mI (294) main_task: Calling app_main()[0m
[0;32mI (294) lcd: GPIO_BL=14[0m
[0;32mI (294) lcd: GPIO_CS=5[0m
[0;32mI (294) lcd: GPIO_DC=4[0m
[0;32mI (294) lcd: GPIO_RST=-1[0m
[0;32mI (294) lcd: GPIO_MOSI=23[0m
[0;32mI (294) lcd: GPIO_SCLK=18[0m
[0;32mI (314) lcd: Enable Display Inversion[0m
[0;32mI (374) joystick: Calibrating joystick center...[0m
[0;32mI (384) joystick: Joystick center calibrated: X=1885, Y=1854[0m
[1;31mE (494) adc_oneshot: adc_oneshot_new_unit(99): adc1 is already in use[0m
ESP_ERROR_CHECK failed: esp_err_t 0x105 (ESP_ERR_NOT_FOUND) at 0x400d8b99
file: "/project/components/joy/joy.c" line 21
func: joy_init
expression: adc_oneshot_new_unit(&init_config, &adc1_handle)

abort() was called at PC 0x400868c3 on core 0


Backtrace: 0x4008695d:0x3ffb4690 0x40086929:0x3ffb46b0 0x40046d0 0x400868c3:0x3ffb4740 0x400d8b99:0x3ffb4770 0x400d67b4:0x3ffb47d0 0x400d6375:0x3ffb47f0 0x400d6283:0x3ffb4820 0x400d367c:0x3ffb4870




ELF file SHA256: c5501be85

Rebooting...
ets Jun  8 2016 00:22:57

rst:0xc (SW_CPU_RESET),boot:0x13 (SPI_FAST_FLASH_BOOT)
configsip: 0, SPIWP:0xee
clk_drv:0x00,q_drv:0x00,d_drv:0x00,cs0_drv:0x00,hd_drv:0x00,wp_drv:0x00
mode:DIO, clock div:2
load:0x3fff0040,len:6376
load:0x40078000,len:15900
ho 0 tail 12 room 4
load:0x40080400,len:3920
entry 0x40080644
[0;32mI (29) boot: ESP-IDF v6.0-dev-2810-g800f141f94 2nd stage bootloader[0m
[0;32mI (29) boot: compile time Oct 29 2025 22:16:04[0m
[0;32mI (29) boot: Multicore bootloader[0m
[0;32mI (32) boot: chip revision: v1.0[0m
[0;32mI (35) boot.esp32: SPI Speed      : 40MHz[0m
[0;32mI (39) boot.esp32: SPI Mode       : DIO[0m
[0;32mI (42) boot.esp32: SPI Flash Size : 4MB[0m
[0;32mI (46) boot: Enabling RNG early entropy source...[0m
[0;32mI (50) boot: Partition Table:[0m
[0;32mI (53) boot: ## Label            Usage          Type ST Offset   Length[0m
[0;32mI (59) boot:  0 nvs              WiFi data        01 02 00009000 00006000[0m
[0;32mI (66) boot:  1 phy_init         RF data          01 01 0000f000 00001000[0m
[0;32mI (72) boot:  2 factory          factory app      00 00 00010000 00100000[0m
[0;32mI (79) boot: End of partition table[0m
[0;32mI (82) esp_image: segment 0: paddr=00010020 vaddr=3f400020 size=0ad38h ( 44344) map[0m
[0;32mI (105) esp_image: segment 1: paddr=0001ad60 vaddr=3ffb0000 size=02674h (  9844) load[0m
[0;32mI (109) esp_image: segment 2: paddr=0001d3dc vaddr=40080000 size=02c3ch ( 11324) load[0m
[0;32mI (114) esp_image: segment 3: paddr=00020020 vaddr=400d0020 size=1571ch ( 87836) map[0m
[0;32mI (148) esp_image: segment 4: paddr=00035744 vaddr=40082c3c size=094f0h ( 38128) load[0m
[0;32mI (164) esp_image: segment 5: paddr=0003ec3c vaddr=50000000 size=00024h (    36) load[0m
[0;32mI (170) boot: Loaded app from partition at offset 0x10000[0m
[0;32mI (170) boot: Disabling RNG early entropy source...[0m
[0;32mI (182) cpu_start: Multicore app[0m
[0;32mI (190) cpu_start: GPIO 3 and 1 are used as console UART I/O pins[0m
[0;32mI (190) cpu_start: Pro cpu start user code[0m
[0;32mI (190) cpu_start: cpu freq: 240000000 Hz[0m
[0;32mI (192) app_init: Application information:[0m
[0;32mI (196) app_init: Project name:     lab05[0m
[0;32mI (200) app_init: App version:      131cdc4-dirty[0m
[0;32mI (204) app_init: Compile time:     Oct 29 2025 22:16:11[0m
[0;32mI (209) app_init: ELF file SHA256:  c5501be85...[0m
[0;32mI (213) app_init: ESP-IDF:          v6.0-dev-2810-g800f141f94[0m
[0;32mI (219) efuse_init: Min chip rev:     v0.0[0m
[0;32mI (223) efuse_init: Max chip rev:     v3.99 [0m
[0;32mI (227) efuse_init: Chip rev:         v1.0[0m
[0;32mI (231) heap_init: Initializing. RAM available for dynamic allocation:[0m
[0;32mI (237) heap_init: At 3FFAE6E0 len 00001920 (6 KiB): DRAM[0m
[0;32mI (242) heap_init: At 3FFB3550 len 0002CAB0 (178 KiB): DRAM[0m
[0;32mI (247) heap_init: At 3FFE0440 len 00003AE0 (14 KiB): D/IRAM[0m
[0;32mI (253) heap_init: At 3FFE4350 len 0001BCB0 (111 KiB): D/IRAM[0m
[0;32mI (258) heap_init: At 4008C12C len 00013ED4 (79 KiB): IRAM[0m
[0;33mW (265) spi_flash: Detected boya flash chip but using generic driver. For optimal functionality, enable `SPI_FLASH_SUPPORT_BOYA_CHIP` in menuconfig[0m
[0;32mI (276) spi_flash: detected chip: generic[0m
[0;32mI (280) spi_flash: flash io: dio[0m
[0;32mI (284) main_task: Started on CPU0[0m
[0;32mI (294) main_task: Calling app_main()[0m
[0;32mI (294) lcd: GPIO_BL=14[0m
[0;32mI (294) lcd: GPIO_CS=5[0m
[0;32mI (294) lcd: GPIO_DC=4[0m
[0;32mI (294) lcd: GPIO_RST=-1[0m
[0;32mI (294) lcd: GPIO_MOSI=23[0m
[0;32mI (294) lcd: GPIO_SCLK=18[0m
[0;32mI (314) lcd: Enable Display Inversion[0m
[0;32mI (374) joystick: Calibrating joystick center...[0m
[0;32mI (384) joystick: Joystick center calibrated: X=4095, Y=1667[0m
[1;31mE (494) adc_oneshot: adc_oneshot_new_unit(99): adc1 is already in use[0m
ESP_ERROR_CHECK failed: esp_err_t 0x105 (ESP_ERR_NOT_FOUND) at 0x400d8b99
file: "/project/components/joy/joy.c" line 21
func: joy_init
expression: adc_oneshot_new_unit(&init_config, &adc1_handle)

abort() was called at PC 0x400868c3 on core 0


Backtrace: 0x4008695d:0x3ffb4690 0x40086929:0x3ffb46b0 0x400864ca:0x3ffb46d0 0x400868c3:0x3ffb4740 0x400d8b99:0x3ffb4770 0x400d67b4:0x3ffb47d0 0x400d6375:0x3ffb47f0 0x400d6283:0x3ffb4820 0x400d367c:0x3ffb4870




ELF file SHA256: c5501be85

Rebooting...
ets Jun  8 2016 00:22:57

rst:0xc (SW_CPU_RESET),boot:0x13 (SPI_FAST_FLASH_BOOT)
configsip: 0, SPIWP:0xee
clk_drv:0x00,q_drv:0x00,d_drv:0x00,cs0_drv:0x00,hd_drv:0x00,wp_drv:0x00
mode:DIO, clock div:2
load:0x3fff0040,len:6376
load:0x40078000,len:15900
ho 0 tail 12 room 4
load:0x40080400,len:3920
entry 0x40080644
[0;32mI (29) boot: ESP-IDF v6.0-dev-2810-g800f141f94 2nd stage bootloader[0m
[0;32mI (29) boot: compile time Oct 29 2025 22:16:04[0m
[0;32mI (29) boot: Multicore bootloader[0m
[0;32mI (32) boot: chip revision: v1.0[0m
[0;32mI (35) boot.esp32: SPI Speed      : 40MHz[0m
[0;32mI (39) boot.esp32: SPI Mode       : DIO[0m
[0;32mI (42) boot.esp32: SPI Flash Size : 4MB[0m
[0;32mI (46) boot: Enabling RNG early entropy source...[0m
[0;32mI (50) boot: Partition Table:[0m
[0;32mI (53) boot: ## Label            Usage          Type ST Offset   Length[0m
[0;32mI (59) boot:  0 nvs              WiFi data        01 02 00009000 00006000[0m
[0;32mI (66) boot:  1 phy_init         RF data          01 01 0000f000 00001000[0m
[0;32mI (72) boot:  2 factory          factory app      00 00 00010000 00100000[0m
[0;32mI (79) boot: End of partition table[0m
[0;32mI (82) esp_image: segment 0: paddr=00010020 vaddr=3f400020 size=0ad38h ( 44344) map[0m
[0;32mI (105) esp_image: segment 1: paddr=0001ad60 vaddr=3ffb0000 size=02674h (  9844) load[0m
[0;32mI (109) esp_image: segment 2: paddr=0001d3dc vaddr=40080000 size=02c3ch ( 11324) load[0m
[0;32mI (114) esp_image: segment 3: paddr=00020020 vaddr=400d0020 size=1571ch ( 87836) map[0m
[0;32mI (148) esp_image: segment 4: paddr=00035744 vaddr=40082c3c size=094f0h ( 38128) load[0m
[0;32mI (164) esp_image: segment 5: paddr=0003ec3c vaddr=50000000 size=00024h (    36) load[0m
[0;32mI (170) boot: Loaded app from partition at offset 0x10000[0m
[0;32mI (170) boot: Disabling RNG early entropy source...[0m
[0;32mI (182) cpu_start: Multicore app[0m
[0;32mI (190) cpu_start: GPIO 3 and 1 are used as console UART I/O pins[0m
[0;32mI (190) cpu_start: Pro cpu start user code[0m
[0;32mI (190) cpu_start: cpu freq: 240000000 Hz[0m
[0;32mI (192) app_init: Application information:[0m
[0;32mI (196) app_init: Project name:     lab05[0m
[0;32mI (200) app_init: App version:      131cdc4-dirty[0m
[0;32mI (204) app_init: Compile time:     Oct 29 2025 22:16:11[0m
[0;32mI (209) app_init: ELF file SHA256:  c5501be85...[0m
[0;32mI (213) app_init: ESP-IDF:          v6.0-dev-2810-g800f141f94[0m
[0;32mI (219) efuse_init: Min chip rev:     v0.0[0m
[0;32mI (223) efuse_init: Max chip rev:     v3.99 [0m
[0;32mI (227) efuse_init: Chip rev:         v1.0[0m
[0;32mI (231) heap_init: Initializing. RAM available for dynamic allocation:[0m
[0;32mI (237) heap_init: At 3FFAE6E0 len 00001920 (6 KiB): DRAM[0m
[0;32mI (242) heap_init: At 3FFB3550 len 0002CAB0 (178 KiB): DRAM[0m
[0;32mI (247) heap_init: At 3FFE0440 len 00003AE0 (14 KiB): D/IRAM[0m
[0;32mI (253) heap_init: At 3FFE4350 len 0001BCB0 (111 KiB): D/IRAM[0m
[0;32mI (258) heap_init: At 4008C12C len 00013ED4 (79 KiB): IRAM[0m
[0;33mW (265) spi_flash: Detected boya flash chip but using generic driver. For optimal functionality, enable `SPI_FLASH_SUPPORT_BOYA_CHIP` in menuconfig[0m
[0;32mI (276) spi_flash: detected chip: generic[0m
[0;32mI (280) spi_flash: flash io: dio[0m
[0;32mI (284) main_task: Started on CPU0[0m
[0;32mI (294) main_task: Calling app_main()[0m
[0;32mI (294) lcd: GPIO_BL=14[0m
[0;32mI (294) lcd: GPIO_CS=5[0m
[0;32mI (294) lcd: GPIO_DC=4[0m
[0;32mI (294) lcd: GPIO_RST=-1[0m
[0;32mI (294) lcd: GPIO_MOSI=23[0m
[0;32mI (294) lcd: GPIO_SCLK=18[0m
[0;32mI (314) lcd: Enable Display Inversion[0m
[0;32mI (374) joystick: Calibrating joystick center...[0m
[0;32mI (384) joystick: Joystick center calibrated: X=3005, Y=1988[0m
[1;31mE (494) adc_oneshot: adc_oneshot_new_unit(99): adc1 is already in use[0m
ESP_ERROR_CHECK failed: esp_err_t 0x105 (ESP_ERR_NOT_FOUND) at 0x400d8b99
file: "/project/components/joy/joy.c" line 21
func: joy_init
expression: adc_oneshot_new_unit(&init_config, &adc1_handle)

abort() was called at PC 0x400868c3 on core 0


Backtrace: 0x4008695d:0x3ffb4690 0x40086929:0x3ffb46b0 0x400864ca:0x3ffb46d0 0x400868c3:0x3ffb4740 0x400d8b99:0x3ffb4770 0x400d67b4:0x3ffb47d0 0x400d6375:0x3ffb47f0 0x400d6283:0x3ffb4820 0x400d367c:0x3ffb4870




ELF file SHA256: c5501be85

Rebooting...
ets Jun  8 2016 00:22:57

rst:0xc (SW_CPU_RESET),boot:0x13 (SPI_FAST_FLASH_BOOT)
configsip: 0, SPIWP:0xee
clk_drv:0x00,q_drv:0x00,d_drv:0x00,cs0_drv:0x00,hd_drv:0x00,wp_drv:0x00
mode:DIO, clock div:2
load:0x3fff0040,len:6376
load:0x40078000,len:15900
ho 0 tail 12 room 4
load:0x40080400,len:3920
entry 0x40080644
[0;32mI (29) boot: ESP-IDF v6.0-dev-2810-g800f141f94 2nd stage bootloader[0m
[0;32mI (29) boot: compile time Oct 29 2025 22:16:04[0m
[0;32mI (29) boot: Multicore bootloader[0m
[0;32mI (32) boot: chip revision: v1.0[0m
[0;32mI (35) boot.esp32: SPI Speed      : 40MHz[0m
[0;32mI (39) boot.esp32: SPI Mode       : DIO[0m
[0;32mI (42) boot.esp32: SPI Flash Size : 4MB[0m
[0;32mI (46) boot: Enabling RNG early entropy source...[0m
[0;32mI (50) boot: Partition Table:[0m
[0;32mI (53) boot: ## Label            Usage          Type ST Offset   Length[0m
[0;32mI (59) boot:  0 nvs              WiFi data        01 02 00009000 00006000[0m
[0;32mI (66) boot:  1 phy_init         RF data          01 01 0000f000 00001000[0m
[0;32mI (72) boot:  2 factory          factory app      00 00 00010000 00100000[0m
[0;32mI (79) boot: End of partition table[0m
[0;32mI (82) esp_image: segment 0: paddr=00010020 vaddr=3f400020 size=0ad38h ( 44344) map[0m
[0;32mI (105) esp_image: segment 1: paddr=0001ad60 vaddr=3ffb0000 size=02674h (  9844) load[0m
[0;32mI (109) esp_image: segment 2: paddr=0001d3dc vaddr=40080000 size=02c3ch ( 11324) load[0m
[0;32mI (114) esp_image: segment 3: paddr=00020020 vaddr=400d0020 size=1571ch ( 87836) map[0m
[0;32mI (148) esp_image: segment 4: paddr=00035744 vaddr=40082c3c size=094f0h ( 38128) load[0m
[0;32mI (164) esp_image: segment 5: paddr=0003ec3c vaddr=50000000 size=00024h (    36) load[0m
[0;32mI (170) boot: Loaded app from partition at offset 0x10000[0m
[0;32mI (170) boot: Disabling RNG early entropy source...[0m
[0;32mI (182) cpu_start: Multicore app[0m
[0;32mI (190) cpu_start: GPIO 3 and 1 are used as console UART I/O pins[0m
[0;32mI (190) cpu_start: Pro cpu start user code[0m
[0;32mI (190) cpu_start: cpu freq: 240000000 Hz[0m
[0;32mI (192) app_init: Application information:[0m
[0;32mI (196) app_init: Project name:     lab05[0m
[0;32mI (200) app_init: App version:      131cdc4-dirty[0m
[0;32mI (204) app_init: Compile time:     Oct 29 2025 22:16:11[0m
[0;32mI (209) app_init: ELF file SHA256:  c5501be85...[0m
[0;32mI (213) app_init: ESP-IDF:          v6.0-dev-2810-g800f141f94[0m
[0;32mI (219) efuse_init: Min chip rev:     v0.0[0m
[0;32mI (223) efuse_init: Max chip rev:     v3.99 [0m
[0;32mI (227) efuse_init: Chip rev:         v1.0[0m
[0;32mI (231) heap_init: Initializing. RAM available for dynamic allocation:[0m
[0;32mI (237) heap_init: At 3FFAE6E0 len 00001920 (6 KiB): DRAM[0m
[0;32mI (242) heap_init: At 3FFB3550 len 0002CAB0 (178 KiB): DRAM[0m
[0;32mI (247) heap_init: At 3FFE0440 len 00003AE0 (14 KiB): D/IRAM[0m
[0;32mI (253) heap_init: At 3FFE4350 len 0001BCB0 (111 KiB): D/IRAM[0m
[0;32mI (258) heap_init: At 4008C12C len 00013ED4 (79 KiB): IRAM[0m
[0;33mW (265) spi_flash: Detected boya flash chip but using generic driver. For optimal functionality, enable `SPI_FLASH_SUPPORT_BOYA_CHIP` in menuconfig[0m
[0;32mI (276) spi_flash: detected chip: generic[0m
[0;32mI (280) spi_flash: flash io: dio[0m
[0;32mI (284) main_task: Started on CPU0[0m
[0;32mI (294) main_task: Calling app_main()[0m
[0;32mI (294) lcd: GPIO_BL=14[0m
[0;32mI (294) lcd: GPIO_CS=5[0m
[0;32mI (294) lcd: GPIO_DC=4[0m
[0;32mI (294) lcd: GPIO_RST=-1[0m
[0;32mI (294) lcd: GPIO_MOSI=23[0m
[0;32mI (294) lcd: GPIO_SCLK=18[0m
[0;32mI (314) lcd: Enable Display Inversion[0m
[0;32mI (374) joystick: Calibrating joystick center...[0m
[0;32mI (384) joystick: Joystick center calibrated: X=1912, Y=1821[0m
[1;31mE (494) adc_oneshot: adc_oneshot_new_unit(99): adc1 is already in use[0m
ESP_ERROR_CHECK failed: esp_err_t 0x105 (ESP_ERR_NOT_FOUND) at 0x400d8b99
file: "/project/components/joy/joy.c" line 21
func: joy_init
expression: adc_oneshot_new_unit(&init_config, &adc1_handle)

abort() was called at PC 0x400868c3 on core 0


Backtrace: 0x4008695d:0x3ffb4690 0x40086929:0x3ffb46b0 0x400864ca:0x3ffb46d0 0x400868c3:0x3ffb4740 0x400d8b99:0x3ffb4770 0x400d67b4:0x3ffb47d0 0x400d6375:0x3ffb47f0 0x400d6283:0x3ffb4820 0x400d367c:0x3ffb4870




ELF file SHA256: c5501be85

Rebooting...
ets Jun  8 2016 00:22:57

rst:0xc (SW_CPU_RESET),boot:0x13 (SPI_FAST_FLASH_BOOT)
configsip: 0, SPIWP:0xee
clk_drv:0x00,q_drv:0x00,d_drv:0x00,cs0_drv:0x00,hd_drv:0x00,wp_drv:0x00
mode:DIO, clock div:2
load:0x3fff0040,len:6376
load:0x40078000,len:15900
ho 0 tail 12 room 4
load:0x40080400,len:3920
entry 0x40080644
[0;32mI (29) boot: ESP-IDF v6.0-dev-2810-g800f141f94 2nd stage bootloader[0m
[0;32mI (29) boot: compile time Oct 29 2025 22:16:04[0m
[0;32mI (29) boot: Multicore bootloader[0m
[0;32mI (32) boot: chip revision: v1.0[0m
[0;32mI (35) boot.esp32: SPI Speed      : 40MHz[0m
[0;32mI (39) boot.esp32: SPI Mode       : DIO[0m
[0;32mI (42) boot.esp32: SPI Flash Size : 4MB[0m
[0;32mI (46) boot: Enabling RNG early entropy source...[0m
[0;32mI (50) boot: Partition Table:[0m
[0;32mI (53) boot: ## Label            Usage          Type ST Offset   Length[0m
[0;32mI (59) boot:  0 nvs              WiFi data        01 02 00009000 00006000[0m
[0;32mI (66) boot:  1 phy_init         RF data          01 01 0000f000 00001000[0m
[0;32mI (72) boot:  2 factory          factory app      00 00 00010000 00100000[0m
[0;32mI (79) boot: End of partition table[0m
[0;32mI (82) esp_image: segment 0: paddr=00010020 vaddr=3f400020 size=0ad38h ( 44344) map[0m
[0;32mI (105) esp_image: segment 1: paddr=0001ad60 vaddr=3ffb0000 size=02674h (  9844) load[0m
[0;32mI (109) esp_image: segment 2: paddr=0001d3dc vaddr=40080000 size=02c3ch ( 11324) load[0m
[0;32mI (114) esp_image: segment 3: paddr=00020020 vaddr=400d0020 size=1571ch ( 87836) map[0m
[0;32mI (148) esp_image: segment 4: paddr=00035744 vaddr=40082c3c size=094f0h ( 38128) load[0m
[0;32mI (164) esp_image: segment 5: paddr=0003ec3c vaddr=50000000 size=00024h (    36) load[0m
[0;32mI (170) boot: Loaded app from partition at offset 0x10000[0m
[0;32mI (170) boot: Disabling RNG early entropy source...[0m
[0;32mI (182) cpu_start: Multicore app[0m
[0;32mI (190) cpu_start: GPIO 3 and 1 are used as console UART I/O pins[0m
[0;32mI (190) cpu_start: Pro cpu start user code[0m
[0;32mI (190) cpu_start: cpu freq: 240000000 Hz[0m
[0;32mI (192) app_init: Application information:[0m
[0;32mI (196) app_init: Project name:     lab05[0m
[0;32mI (200) app_init: App version:      131cdc4-dirty[0m
[0;32mI (204) app_init: Compile time:     Oct 29 2025 22:16:11[0m
[0;32mI (209) app_init: ELF file SHA256:  c5501be85...[0m
[0;32mI (213) app_init: ESP-IDF:          v6.0-dev-2810-g800f141f94[0m
[0;32mI (219) efuse_init: Min chip rev:     v0.0[0m
[0;32mI (223) efuse_init: Max chip rev:     v3.99 [0m
[0;32mI (227) efuse_init: Chip rev:         v1.0[0m
[0;32mI (231) heap_init: Initializing. RAM available for dynamic allocation:[0m
[0;32mI (237) heap_init: At 3FFAE6E0 len 00001920 (6 KiB): DRAM[0m
[0;32mI (242) heap_init: At 3FFB3550 len 0002CAB0 (178 KiB): DRAM[0m
[0;32mI (247) heap_init: At 3FFE0440 len 00003AE0 (14 KiB): D/IRAM[0m
[0;32mI (253) heap_init: At 3FFE4350 len 0001BCB0 (111 KiB): D/IRAM[0m
[0;32mI (258) heap_init: At 4008C12C len 00013ED4 (79 KiB): IRAM[0m
[0;33mW (265) spi_flash: Detected boya flash chip but using generic driver. For optimal functionality, enable `SPI_FLASH_SUPPORT_BOYA_CHIP` in menuconfig[0m
[0;32mI (276) spi_flash: detected chip: generic[0m
[0;32mI (280) spi_flash: flash io: dio[0m
[0;32mI (284) main_task: Started on CPU0[0m
[0;32mI (294) main_task: Calling app_main()[0m
[0;32mI (294) lcd: GPIO_BL=14[0m
[0;32mI (294) lcd: GPIO_CS=5[0m
[0;32mI (294) lcd: GPIO_DC=4[0m
[0;32mI (294) lcd: GPIO_RST=-1[0m
[0;32mI (294) lcd: GPIO_MOSI=23[0m
[0;32mI (294) lcd: GPIO_SCLK=18[0m
[0;32mI (314) lcd: Enable Display Inversion[0m
[0;32mI (374) joystick: Calibrating joystick center...[0m
[0;32mI (384) joystick: Joystick center calibrated: X=4095, Y=1375[0m
[1;31mE (494) adc_oneshot: adc_oneshot_new_unit(99): adc1 is already in use[0m
ESP_ERROR_CHECK failed: esp_err_t 0x105 (ESP_ERR_NOT_FOUND) at 0x400d8b99
file: "/project/components/joy/joy.c" line 21
func: joy_init
expression: adc_oneshot_new_unit(&init_config, &adc1_handle)

abort() was called at PC 0x400868c3 on core 0


Backtrace: 0x4008695d:0x3ffb4690 0x40086929:0x3ffb46b0 0x400864ca:0x3ffb46d0 0x400868c3:0x3ffb4740 0x400d8b99:0x3ffb4770 0x400d67b4:0x3ffb47d0 0x400d6375:0x3ffb47f0 0x400d6283:0x3ffb4820 0x400d367c:0x3ffb4870




ELF file SHA256: c5501be85

Rebooting...
ets Jun  8 2016 00:22:57

rst:0xc (SW_CPU_RESET),boot:0x13 (SPI_FAST_FLASH_BOOT)
configsip: 0, SPIWP:0xee
clk_drv:0x00,q_drv:0x00,d_drv:0x00,cs0_drv:0x00,hd_drv:0x00,wp_drv:0x00
mode:DIO, clock div:2
load:0x3fff0040,len:6376
load:0x40078000,len:15900
ho 0 tail 12 room 4
load:0x40080400,len:3920
entry 0x40080644
[0;32mI (29) boot: ESP-IDF v6.0-dev-2810-g800f141f94 2nd stage bootloader[0m
[0;32mI (29) boot: compile time Oct 29 2025 22:16:04[0m
[0;32mI (29) boot: Multicore bootloader[0m
[0;32mI (32) boot: chip revision: v1.0[0m
[0;32mI (35) boot.esp32: SPI Speed      : 40MHz[0m
[0;32mI (39) boot.esp32: SPI Mode       : DIO[0m
